<html>
<body>
<pre>
<h1>µVision Build Log</h1>
<h2>Tool Versions:</h2>
IDE-Version: ¦ÌVision V5.34.0.0
Copyright (C) 2021 ARM Ltd and ARM Germany GmbH. All rights reserved.
License Information: 1 HP, HP Inc., LIC=WHYH9-4ZIA2-74RS0-BVALS-2CWLW-89J2U
 
Tool Versions:
Toolchain:       MDK-ARM Plus  Version: 5.34.0.0
Toolchain Path:  C:\Keil_v5\ARM\ARMCC\Bin
C Compiler:      Armcc.exe V5.06 update 7 (build 960)
Assembler:       Armasm.exe V5.06 update 7 (build 960)
Linker/Locator:  ArmLink.exe V5.06 update 7 (build 960)
Library Manager: ArmAr.exe V5.06 update 7 (build 960)
Hex Converter:   FromElf.exe V5.06 update 7 (build 960)
CPU DLL:         SARMCM3.DLL V5.34.0.0
Dialog DLL:      DCM.DLL V1.17.3.0
Target DLL:      Segger\JL2CM3.dll V2.99.38.0
Dialog DLL:      TCM.DLL V1.48.0.0
 
<h2>Project:</h2>
E:\Embedded\motor\gd32f303_motor\Project\Template_GD32F30x.uvprojx
Project File Date:  03/01/2023

<h2>Output:</h2>
*** Using Compiler 'V5.06 update 7 (build 960)', folder: 'C:\Keil_v5\ARM\ARMCC\Bin'
Rebuild target 'Flash'
compiling func_init.c...
assembling startup_gd32f30x_xd.s...
compiling bsp_timer.c...
compiling bsp_init.c...
compiling bsp_encoder.c...
compiling debug_usart.c...
compiling systick.c...
compiling bsp_basic_timer.c...
compiling device_init.c...
compiling main.c...
compiling device_motor.c...
compiling gd32f30x_it.c...
compiling bsp_adc.c...
compiling system_gd32f30x.c...
compiling gd32f30x_adc.c...
compiling gd32f30x_ctc.c...
compiling gd32f30x_bkp.c...
compiling gd32f30x_crc.c...
compiling gd32f30x_dbg.c...
compiling gd32f30x_dac.c...
compiling gd32f30x_dma.c...
compiling gd32f30x_enet.c...
compiling gd32f30x_exti.c...
compiling gd32f30x_exmc.c...
compiling gd32f30x_fmc.c...
compiling gd32f30x_fwdgt.c...
compiling gd32f30x_gpio.c...
compiling gd32f30x_misc.c...
compiling gd32f30x_i2c.c...
compiling gd32f30x_pmu.c...
compiling gd32f30x_rtc.c...
compiling gd32f30x_rcu.c...
compiling gd32f30x_sdio.c...
compiling gd32f30x_spi.c...
compiling gd32f30x_wwdgt.c...
compiling gd32f30x_usart.c...
compiling gd32f30x_timer.c...
compiling protocol.c...
compiling utils_pid.c...
linking...
Program Size: Code=9816 RO-data=336 RW-data=68 ZI-data=1380  
FromELF: creating hex file...
".\Objects\Template_GD32F30x.axf" - 0 Error(s), 0 Warning(s).

<h2>Software Packages used:</h2>

Package Vendor: GigaDevice
                http://gd32mcu.com/data/documents/pack/GigaDevice.GD32F30x_DFP.2.0.0.pack
                GigaDevice.GD32F30x_DFP.2.0.0
                GigaDevice GD32F30x Series Device Support and Examples

<h2>Collection of Component include folders:</h2>
  C:\Users\HP\AppData\Local\Arm\Packs\GigaDevice\GD32F30x_DFP\2.0.0\Device\Include

<h2>Collection of Component Files used:</h2>
Build Time Elapsed:  00:00:02
</pre>
</body>
</html>
