Component: ARM Compiler 5.06 update 7 (build 960) Tool: armlink [4d3601]

==============================================================================

Section Cross References

    main.o(i.key_handle) refers to device_key.o(i.device_get_key) for device_get_key
    main.o(i.key_handle) refers to device_beep.o(i.device_beep_key_tone) for device_beep_key_tone
    main.o(i.key_handle) refers to device_switch_led.o(i.switch_led_on) for switch_led_on
    main.o(i.key_handle) refers to device_switch_led.o(i.switch_led_off) for switch_led_off
    main.o(i.key_handle) refers to device_beep.o(i.device_beep_start) for device_beep_start
    main.o(i.key_handle) refers to device_switch_led.o(i.switch_led_toggle) for switch_led_toggle
    main.o(i.key_handle) refers to device_switch_led.o(.data) for g_switch_led_devs
    main.o(i.main) refers to stm32f4xx_hal.o(i.HAL_Init) for HAL_Init
    main.o(i.main) refers to base.o(i.system_clock_config) for system_clock_config
    main.o(i.main) refers to comm_init.o(i.system_init) for system_init
    main.o(i.main) refers to soft_timer.o(i.soft_timer_set) for soft_timer_set
    main.o(i.main) refers to soft_timer.o(i.soft_timer_run) for soft_timer_run
    main.o(i.main) refers to device_key.o(i.device_key_scan_10ms) for device_key_scan_10ms
    main.o(i.main) refers to device_beep.o(i.device_beep_handle) for device_beep_handle
    main.o(i.main) refers to main.o(i.key_handle) for key_handle
    device_switch_led.o(i.switch_led_device_init) refers to device_switch_led.o(i.switch_led_gpio_init) for switch_led_gpio_init
    device_switch_led.o(i.switch_led_device_init) refers to device_switch_led.o(.data) for g_switch_led_devs
    device_switch_led.o(i.switch_led_gpio_init) refers to stm32f4xx_hal_gpio.o(i.HAL_GPIO_Init) for HAL_GPIO_Init
    device_switch_led.o(i.switch_led_gpio_init) refers to device_switch_led.o(i.switch_led_off) for switch_led_off
    device_switch_led.o(i.switch_led_off) refers to stm32f4xx_hal_gpio.o(i.HAL_GPIO_WritePin) for HAL_GPIO_WritePin
    device_switch_led.o(i.switch_led_on) refers to stm32f4xx_hal_gpio.o(i.HAL_GPIO_WritePin) for HAL_GPIO_WritePin
    device_switch_led.o(i.switch_led_toggle) refers to stm32f4xx_hal_gpio.o(i.HAL_GPIO_TogglePin) for HAL_GPIO_TogglePin
    device_switch_led.o(.comm_i_fn.3) refers to device_switch_led.o(i.switch_led_device_init) for switch_led_device_init
    device_key.o(i.device_clear_key) refers to device_key.o(.bss) for s_fifo_key
    device_key.o(i.device_detect_fastio) refers to device_key.o(i.is_key_down_func) for is_key_down_func
    device_key.o(i.device_detect_fastio) refers to device_key.o(i.device_put_key) for device_put_key
    device_key.o(i.device_detect_fastio) refers to device_key.o(.bss) for s_btn
    device_key.o(i.device_detect_key) refers to device_key.o(i.is_key_down_func) for is_key_down_func
    device_key.o(i.device_detect_key) refers to device_key.o(i.device_put_key) for device_put_key
    device_key.o(i.device_detect_key) refers to device_key.o(.bss) for s_btn
    device_key.o(i.device_get_key) refers to device_key.o(.bss) for s_fifo_key
    device_key.o(i.device_get_key2) refers to device_key.o(.bss) for s_fifo_key
    device_key.o(i.device_get_key_state) refers to device_key.o(.bss) for s_btn
    device_key.o(i.device_key_hard_init) refers to stm32f4xx_hal_gpio.o(i.HAL_GPIO_Init) for HAL_GPIO_Init
    device_key.o(i.device_key_scan_10ms) refers to device_key.o(i.device_detect_key) for device_detect_key
    device_key.o(i.device_key_scan_1ms) refers to device_key.o(i.device_detect_fastio) for device_detect_fastio
    device_key.o(i.device_key_value_init) refers to device_key.o(.bss) for s_fifo_key
    device_key.o(i.device_put_key) refers to device_key.o(.bss) for s_fifo_key
    device_key.o(i.device_set_key_param) refers to device_key.o(.bss) for s_btn
    device_key.o(i.is_key_down_func) refers to device_key.o(i.key_pin_active) for key_pin_active
    device_key.o(i.key_device_init) refers to device_key.o(i.device_key_value_init) for device_key_value_init
    device_key.o(i.key_device_init) refers to device_key.o(i.device_key_hard_init) for device_key_hard_init
    device_key.o(i.key_device_init) refers to device_key.o(.constdata) for s_gpio_list_t
    device_key.o(i.key_pin_active) refers to device_key.o(.constdata) for s_gpio_list_t
    device_key.o(.comm_i_fn.3) refers to device_key.o(i.key_device_init) for key_device_init
    device_beep.o(i.beep_device_init) refers to device_beep.o(i.device_beep_hard_init) for device_beep_hard_init
    device_beep.o(i.beep_device_init) refers to device_beep.o(.constdata) for s_gpio_list
    device_beep.o(i.device_beep_handle) refers to device_beep.o(i.device_beep_off) for device_beep_off
    device_beep.o(i.device_beep_handle) refers to device_beep.o(i.device_beep_on) for device_beep_on
    device_beep.o(i.device_beep_handle) refers to device_beep.o(.bss) for g_device_beep_list
[...]
    stm32f4xx_hal_usart.o(i.HAL_USART_IRQHandler) refers to stm32f4xx_hal_usart.o(i.USART_Transmit_IT) for USART_Transmit_IT
    stm32f4xx_hal_usart.o(i.HAL_USART_IRQHandler) refers to stm32f4xx_hal_usart.o(i.USART_EndTransmit_IT) for USART_EndTransmit_IT
    stm32f4xx_hal_usart.o(i.HAL_USART_IRQHandler) refers to stm32f4xx_hal_usart.o(i.USART_DMAAbortOnError) for USART_DMAAbortOnError
    stm32f4xx_hal_usart.o(i.HAL_USART_Init) refers to stm32f4xx_hal_usart.o(i.HAL_USART_MspInit) for HAL_USART_MspInit
    stm32f4xx_hal_usart.o(i.HAL_USART_Init) refers to stm32f4xx_hal_usart.o(i.USART_SetConfig) for USART_SetConfig
    stm32f4xx_hal_usart.o(i.HAL_USART_Receive) refers to stm32f4xx_hal.o(i.HAL_GetTick) for HAL_GetTick
    stm32f4xx_hal_usart.o(i.HAL_USART_Receive) refers to stm32f4xx_hal_usart.o(i.USART_WaitOnFlagUntilTimeout) for USART_WaitOnFlagUntilTimeout
    stm32f4xx_hal_usart.o(i.HAL_USART_Receive_DMA) refers to stm32f4xx_hal_dma.o(i.HAL_DMA_Start_IT) for HAL_DMA_Start_IT
    stm32f4xx_hal_usart.o(i.HAL_USART_Receive_DMA) refers to stm32f4xx_hal_usart.o(i.USART_DMAReceiveCplt) for USART_DMAReceiveCplt
    stm32f4xx_hal_usart.o(i.HAL_USART_Receive_DMA) refers to stm32f4xx_hal_usart.o(i.USART_DMARxHalfCplt) for USART_DMARxHalfCplt
    stm32f4xx_hal_usart.o(i.HAL_USART_Receive_DMA) refers to stm32f4xx_hal_usart.o(i.USART_DMAError) for USART_DMAError
    stm32f4xx_hal_usart.o(i.HAL_USART_Transmit) refers to stm32f4xx_hal.o(i.HAL_GetTick) for HAL_GetTick
    stm32f4xx_hal_usart.o(i.HAL_USART_Transmit) refers to stm32f4xx_hal_usart.o(i.USART_WaitOnFlagUntilTimeout) for USART_WaitOnFlagUntilTimeout
    stm32f4xx_hal_usart.o(i.HAL_USART_TransmitReceive) refers to stm32f4xx_hal.o(i.HAL_GetTick) for HAL_GetTick
    stm32f4xx_hal_usart.o(i.HAL_USART_TransmitReceive) refers to stm32f4xx_hal_usart.o(i.USART_WaitOnFlagUntilTimeout) for USART_WaitOnFlagUntilTimeout
    stm32f4xx_hal_usart.o(i.HAL_USART_TransmitReceive_DMA) refers to stm32f4xx_hal_dma.o(i.HAL_DMA_Start_IT) for HAL_DMA_Start_IT
    stm32f4xx_hal_usart.o(i.HAL_USART_TransmitReceive_DMA) refers to stm32f4xx_hal_usart.o(i.USART_DMAReceiveCplt) for USART_DMAReceiveCplt
    stm32f4xx_hal_usart.o(i.HAL_USART_TransmitReceive_DMA) refers to stm32f4xx_hal_usart.o(i.USART_DMARxHalfCplt) for USART_DMARxHalfCplt
    stm32f4xx_hal_usart.o(i.HAL_USART_TransmitReceive_DMA) refers to stm32f4xx_hal_usart.o(i.USART_DMATransmitCplt) for USART_DMATransmitCplt
    stm32f4xx_hal_usart.o(i.HAL_USART_TransmitReceive_DMA) refers to stm32f4xx_hal_usart.o(i.USART_DMATxHalfCplt) for USART_DMATxHalfCplt
    stm32f4xx_hal_usart.o(i.HAL_USART_TransmitReceive_DMA) refers to stm32f4xx_hal_usart.o(i.USART_DMAError) for USART_DMAError
    stm32f4xx_hal_usart.o(i.HAL_USART_Transmit_DMA) refers to stm32f4xx_hal_dma.o(i.HAL_DMA_Start_IT) for HAL_DMA_Start_IT
    stm32f4xx_hal_usart.o(i.HAL_USART_Transmit_DMA) refers to stm32f4xx_hal_usart.o(i.USART_DMATransmitCplt) for USART_DMATransmitCplt
    stm32f4xx_hal_usart.o(i.HAL_USART_Transmit_DMA) refers to stm32f4xx_hal_usart.o(i.USART_DMATxHalfCplt) for USART_DMATxHalfCplt
    stm32f4xx_hal_usart.o(i.HAL_USART_Transmit_DMA) refers to stm32f4xx_hal_usart.o(i.USART_DMAError) for USART_DMAError
    stm32f4xx_hal_usart.o(i.USART_DMAAbortOnError) refers to stm32f4xx_hal_usart.o(i.HAL_USART_ErrorCallback) for HAL_USART_ErrorCallback
    stm32f4xx_hal_usart.o(i.USART_DMAError) refers to stm32f4xx_hal_usart.o(i.USART_EndTxTransfer) for USART_EndTxTransfer
    stm32f4xx_hal_usart.o(i.USART_DMAError) refers to stm32f4xx_hal_usart.o(i.USART_EndRxTransfer) for USART_EndRxTransfer
    stm32f4xx_hal_usart.o(i.USART_DMAError) refers to stm32f4xx_hal_usart.o(i.HAL_USART_ErrorCallback) for HAL_USART_ErrorCallback
    stm32f4xx_hal_usart.o(i.USART_DMAReceiveCplt) refers to stm32f4xx_hal_usart.o(i.HAL_USART_RxCpltCallback) for HAL_USART_RxCpltCallback
    stm32f4xx_hal_usart.o(i.USART_DMAReceiveCplt) refers to stm32f4xx_hal_usart.o(i.HAL_USART_TxRxCpltCallback) for HAL_USART_TxRxCpltCallback
    stm32f4xx_hal_usart.o(i.USART_DMARxAbortCallback) refers to stm32f4xx_hal_usart.o(i.HAL_USART_AbortCpltCallback) for HAL_USART_AbortCpltCallback
    stm32f4xx_hal_usart.o(i.USART_DMARxHalfCplt) refers to stm32f4xx_hal_usart.o(i.HAL_USART_RxHalfCpltCallback) for HAL_USART_RxHalfCpltCallback
    stm32f4xx_hal_usart.o(i.USART_DMATransmitCplt) refers to stm32f4xx_hal_usart.o(i.HAL_USART_TxCpltCallback) for HAL_USART_TxCpltCallback
    stm32f4xx_hal_usart.o(i.USART_DMATxAbortCallback) refers to stm32f4xx_hal_usart.o(i.HAL_USART_AbortCpltCallback) for HAL_USART_AbortCpltCallback
    stm32f4xx_hal_usart.o(i.USART_DMATxHalfCplt) refers to stm32f4xx_hal_usart.o(i.HAL_USART_TxHalfCpltCallback) for HAL_USART_TxHalfCpltCallback
    stm32f4xx_hal_usart.o(i.USART_EndTransmit_IT) refers to stm32f4xx_hal_usart.o(i.HAL_USART_TxCpltCallback) for HAL_USART_TxCpltCallback
    stm32f4xx_hal_usart.o(i.USART_Receive_IT) refers to stm32f4xx_hal_usart.o(i.HAL_USART_RxCpltCallback) for HAL_USART_RxCpltCallback
    stm32f4xx_hal_usart.o(i.USART_SetConfig) refers to stm32f4xx_hal_rcc.o(i.HAL_RCC_GetPCLK2Freq) for HAL_RCC_GetPCLK2Freq
    stm32f4xx_hal_usart.o(i.USART_SetConfig) refers to uldiv.o(.text) for __aeabi_uldivmod
    stm32f4xx_hal_usart.o(i.USART_SetConfig) refers to stm32f4xx_hal_rcc.o(i.HAL_RCC_GetPCLK1Freq) for HAL_RCC_GetPCLK1Freq
    stm32f4xx_hal_usart.o(i.USART_TransmitReceive_IT) refers to stm32f4xx_hal_usart.o(i.HAL_USART_TxRxCpltCallback) for HAL_USART_TxRxCpltCallback
    stm32f4xx_hal_usart.o(i.USART_WaitOnFlagUntilTimeout) refers to stm32f4xx_hal.o(i.HAL_GetTick) for HAL_GetTick
    stm32f4xx_hal_dma.o(i.DMA_CalcBaseAndBitshift) refers to stm32f4xx_hal_dma.o(.constdata) for flagBitshiftOffset
    stm32f4xx_hal_dma.o(i.HAL_DMA_Abort) refers to stm32f4xx_hal.o(i.HAL_GetTick) for HAL_GetTick
    stm32f4xx_hal_dma.o(i.HAL_DMA_DeInit) refers to stm32f4xx_hal_dma.o(i.DMA_CalcBaseAndBitshift) for DMA_CalcBaseAndBitshift
    stm32f4xx_hal_dma.o(i.HAL_DMA_IRQHandler) refers to system_stm32f4xx.o(.data) for SystemCoreClock
    stm32f4xx_hal_dma.o(i.HAL_DMA_Init) refers to stm32f4xx_hal.o(i.HAL_GetTick) for HAL_GetTick
    stm32f4xx_hal_dma.o(i.HAL_DMA_Init) refers to stm32f4xx_hal_dma.o(i.DMA_CheckFifoParam) for DMA_CheckFifoParam
    stm32f4xx_hal_dma.o(i.HAL_DMA_Init) refers to stm32f4xx_hal_dma.o(i.DMA_CalcBaseAndBitshift) for DMA_CalcBaseAndBitshift
    stm32f4xx_hal_dma.o(i.HAL_DMA_PollForTransfer) refers to stm32f4xx_hal.o(i.HAL_GetTick) for HAL_GetTick
    stm32f4xx_hal_dma.o(i.HAL_DMA_PollForTransfer) refers to stm32f4xx_hal_dma.o(i.HAL_DMA_Abort) for HAL_DMA_Abort
    stm32f4xx_hal_dma.o(i.HAL_DMA_Start) refers to stm32f4xx_hal_dma.o(i.DMA_SetConfig) for DMA_SetConfig
    stm32f4xx_hal_dma.o(i.HAL_DMA_Start_IT) refers to stm32f4xx_hal_dma.o(i.DMA_SetConfig) for DMA_SetConfig
    stm32f4xx_hal_dma_ex.o(i.HAL_DMAEx_MultiBufferStart) refers to stm32f4xx_hal_dma_ex.o(i.DMA_MultiBufferSetConfig) for DMA_MultiBufferSetConfig
    stm32f4xx_hal_dma_ex.o(i.HAL_DMAEx_MultiBufferStart_IT) refers to stm32f4xx_hal_dma_ex.o(i.DMA_MultiBufferSetConfig) for DMA_MultiBufferSetConfig
    entry.o(.ARM.Collect$$$$00000000) refers (Special) to entry10a.o(.ARM.Collect$$$$0000000F) for __rt_final_cpp
    entry.o(.ARM.Collect$$$$00000000) refers (Special) to entry11a.o(.ARM.Collect$$$$00000011) for __rt_final_exit
    entry.o(.ARM.Collect$$$$00000000) refers (Special) to entry12b.o(.ARM.Collect$$$$0000000E) for __rt_lib_shutdown_fini
    entry.o(.ARM.Collect$$$$00000000) refers (Special) to entry7b.o(.ARM.Collect$$$$00000008) for _main_clock
    entry.o(.ARM.Collect$$$$00000000) refers (Special) to entry8b.o(.ARM.Collect$$$$0000000A) for _main_cpp_init
    entry.o(.ARM.Collect$$$$00000000) refers (Special) to entry9a.o(.ARM.Collect$$$$0000000B) for _main_init
    entry.o(.ARM.Collect$$$$00000000) refers (Special) to entry5.o(.ARM.Collect$$$$00000004) for _main_scatterload
    entry.o(.ARM.Collect$$$$00000000) refers (Special) to entry2.o(.ARM.Collect$$$$00000001) for _main_stk
    uldiv.o(.text) refers to llushr.o(.text) for __aeabi_llsr
    uldiv.o(.text) refers to llshl.o(.text) for __aeabi_llsl
    entry2.o(.ARM.Collect$$$$00000001) refers to entry2.o(.ARM.Collect$$$$00002712) for __lit__00000000
    entry2.o(.ARM.Collect$$$$00002712) refers to startup_stm32f407xx.o(STACK) for __initial_sp
    entry2.o(__vectab_stack_and_reset_area) refers to startup_stm32f407xx.o(STACK) for __initial_sp
    entry2.o(__vectab_stack_and_reset_area) refers to entry.o(.ARM.Collect$$$$00000000) for __main
    entry5.o(.ARM.Collect$$$$00000004) refers to init.o(.text) for __scatterload
    entry9a.o(.ARM.Collect$$$$0000000B) refers to main.o(i.main) for main
    entry9b.o(.ARM.Collect$$$$0000000C) refers to main.o(i.main) for main
    init.o(.text) refers to entry5.o(.ARM.Collect$$$$00000004) for __main_after_scatterload


==============================================================================

Removing Unused input sections from the image.

    Removing main.o(.rev16_text), (4 bytes).
    Removing main.o(.revsh_text), (4 bytes).
    Removing main.o(.rrx_text), (6 bytes).
    Removing device_switch_led.o(.rev16_text), (4 bytes).
    Removing device_switch_led.o(.revsh_text), (4 bytes).
    Removing device_switch_led.o(.rrx_text), (6 bytes).
    Removing device_key.o(.rev16_text), (4 bytes).
    Removing device_key.o(.revsh_text), (4 bytes).
    Removing device_key.o(.rrx_text), (6 bytes).
    Removing device_key.o(i.device_clear_key), (16 bytes).
    Removing device_key.o(i.device_detect_fastio), (156 bytes).
    Removing device_key.o(i.device_get_key2), (52 bytes).
    Removing device_key.o(i.device_get_key_state), (16 bytes).
    Removing device_key.o(i.device_key_scan_1ms), (22 bytes).
    Removing device_key.o(i.device_set_key_param), (36 bytes).
    Removing device_beep.o(.rev16_text), (4 bytes).
    Removing device_beep.o(.revsh_text), (4 bytes).
    Removing device_beep.o(.rrx_text), (6 bytes).
    Removing device_beep.o(i.device_beep_pause), (48 bytes).
    Removing device_beep.o(i.device_beep_resume), (48 bytes).
    Removing device_beep.o(i.device_beep_stop), (72 bytes).
    Removing base.o(.rev16_text), (4 bytes).
    Removing base.o(.revsh_text), (4 bytes).
    Removing base.o(.rrx_text), (6 bytes).
    Removing base.o(i.delay_us), (84 bytes).
    Removing base.o(i.get_system_uptime), (12 bytes).
    Removing driver_uart_fifo.o(.rev16_text), (4 bytes).
    Removing driver_uart_fifo.o(.revsh_text), (4 bytes).
    Removing driver_uart_fifo.o(.rrx_text), (6 bytes).
    Removing driver_uart_fifo.o(i.HAL_UART_MspDeInit), (284 bytes).
    Removing driver_uart_fifo.o(i.__set_PRIMASK), (6 bytes).
    Removing driver_uart_fifo.o(i.com2fifo_uart), (140 bytes).
    Removing driver_uart_fifo.o(i.com_clear_rx_fifo), (32 bytes).
    Removing driver_uart_fifo.o(i.com_clear_tx_fifo), (32 bytes).
    Removing driver_uart_fifo.o(i.com_get_char), (32 bytes).
    Removing driver_uart_fifo.o(i.com_send_buf), (46 bytes).
    Removing driver_uart_fifo.o(i.com_send_char), (16 bytes).
    Removing driver_uart_fifo.o(i.fgetc), (24 bytes).
    Removing driver_uart_fifo.o(i.fputc), (18 bytes).
    Removing driver_uart_fifo.o(i.uart_get_char), (76 bytes).
    Removing driver_uart_fifo.o(i.uart_send), (146 bytes).
    Removing driver_uart_fifo.o(i.uart_tx_empty), (32 bytes).
    Removing soft_timer.o(i.soft_timer_disable), (64 bytes).
    Removing soft_timer.o(i.soft_timer_reset), (32 bytes).
    Removing soft_timer.o(i.soft_timer_state), (24 bytes).
    Removing startup_stm32f407xx.o(HEAP), (512 bytes).
    Removing system_stm32f4xx.o(.rev16_text), (4 bytes).
    Removing system_stm32f4xx.o(.revsh_text), (4 bytes).
    Removing system_stm32f4xx.o(.rrx_text), (6 bytes).
    Removing system_stm32f4xx.o(i.SystemCoreClockUpdate), (192 bytes).
    Removing stm32f4xx_hal.o(.rev16_text), (4 bytes).
    Removing stm32f4xx_hal.o(.revsh_text), (4 bytes).
    Removing stm32f4xx_hal.o(.rrx_text), (6 bytes).
    Removing stm32f4xx_hal.o(i.HAL_DBGMCU_DisableDBGSleepMode), (20 bytes).
    Removing stm32f4xx_hal.o(i.HAL_DBGMCU_DisableDBGStandbyMode), (20 bytes).
    Removing stm32f4xx_hal.o(i.HAL_DBGMCU_DisableDBGStopMode), (20 bytes).
    Removing stm32f4xx_hal.o(i.HAL_DBGMCU_EnableDBGSleepMode), (20 bytes).
    Removing stm32f4xx_hal.o(i.HAL_DBGMCU_EnableDBGStandbyMode), (20 bytes).
    Removing stm32f4xx_hal.o(i.HAL_DBGMCU_EnableDBGStopMode), (20 bytes).
    Removing stm32f4xx_hal.o(i.HAL_DeInit), (68 bytes).
    Removing stm32f4xx_hal.o(i.HAL_Delay), (40 bytes).
    Removing stm32f4xx_hal.o(i.HAL_DisableCompensationCell), (12 bytes).
    Removing stm32f4xx_hal.o(i.HAL_GetDEVID), (16 bytes).
    Removing stm32f4xx_hal.o(i.HAL_GetHalVersion), (6 bytes).
    Removing stm32f4xx_hal.o(i.HAL_GetREVID), (12 bytes).
    Removing stm32f4xx_hal.o(i.HAL_GetTickFreq), (12 bytes).
    Removing stm32f4xx_hal.o(i.HAL_GetTickPrio), (12 bytes).
    Removing stm32f4xx_hal.o(i.HAL_GetUIDw0), (12 bytes).
    Removing stm32f4xx_hal.o(i.HAL_GetUIDw1), (12 bytes).
    Removing stm32f4xx_hal.o(i.HAL_GetUIDw2), (12 bytes).
    Removing stm32f4xx_hal.o(i.HAL_MspDeInit), (2 bytes).
    Removing stm32f4xx_hal.o(i.HAL_MspInit), (2 bytes).
    Removing stm32f4xx_hal.o(i.HAL_ResumeTick), (18 bytes).
    Removing stm32f4xx_hal.o(i.HAL_SetTickFreq), (48 bytes).
    Removing stm32f4xx_hal.o(i.HAL_SuspendTick), (18 bytes).
    Removing stm32f4xx_hal_cortex.o(.rev16_text), (4 bytes).
    Removing stm32f4xx_hal_cortex.o(.revsh_text), (4 bytes).
    Removing stm32f4xx_hal_cortex.o(.rrx_text), (6 bytes).
    Removing stm32f4xx_hal_cortex.o(i.HAL_MPU_ConfigRegion), (92 bytes).
    Removing stm32f4xx_hal_cortex.o(i.HAL_MPU_Disable), (44 bytes).
    Removing stm32f4xx_hal_cortex.o(i.HAL_MPU_Enable), (64 bytes).
    Removing stm32f4xx_hal_cortex.o(i.HAL_NVIC_ClearPendingIRQ), (36 bytes).
    Removing stm32f4xx_hal_cortex.o(i.HAL_NVIC_DisableIRQ), (68 bytes).
    Removing stm32f4xx_hal_cortex.o(i.HAL_NVIC_GetActive), (48 bytes).
    Removing stm32f4xx_hal_cortex.o(i.HAL_NVIC_GetPendingIRQ), (48 bytes).
    Removing stm32f4xx_hal_cortex.o(i.HAL_NVIC_GetPriority), (148 bytes).
    Removing stm32f4xx_hal_cortex.o(i.HAL_NVIC_GetPriorityGrouping), (8 bytes).
    Removing stm32f4xx_hal_cortex.o(i.HAL_NVIC_SetPendingIRQ), (36 bytes).
    Removing stm32f4xx_hal_cortex.o(i.HAL_NVIC_SystemReset), (68 bytes).
    Removing stm32f4xx_hal_cortex.o(i.HAL_SYSTICK_CLKSourceConfig), (40 bytes).
    Removing stm32f4xx_hal_cortex.o(i.HAL_SYSTICK_Callback), (2 bytes).
    Removing stm32f4xx_hal_cortex.o(i.HAL_SYSTICK_IRQHandler), (8 bytes).
    Removing stm32f4xx_hal_rcc.o(.rev16_text), (4 bytes).
    Removing stm32f4xx_hal_rcc.o(.revsh_text), (4 bytes).
    Removing stm32f4xx_hal_rcc.o(.rrx_text), (6 bytes).
    Removing stm32f4xx_hal_rcc.o(i.HAL_RCC_CSSCallback), (2 bytes).
    Removing stm32f4xx_hal_rcc.o(i.HAL_RCC_DeInit), (4 bytes).
    Removing stm32f4xx_hal_rcc.o(i.HAL_RCC_DisableCSS), (12 bytes).
    Removing stm32f4xx_hal_rcc.o(i.HAL_RCC_EnableCSS), (12 bytes).
    Removing stm32f4xx_hal_rcc.o(i.HAL_RCC_GetClockConfig), (68 bytes).
    Removing stm32f4xx_hal_rcc.o(i.HAL_RCC_GetOscConfig), (244 bytes).
    Removing stm32f4xx_hal_rcc.o(i.HAL_RCC_MCOConfig), (192 bytes).
    Removing stm32f4xx_hal_rcc.o(i.HAL_RCC_NMI_IRQHandler), (32 bytes).
    Removing stm32f4xx_hal_rcc_ex.o(.rev16_text), (4 bytes).
    Removing stm32f4xx_hal_rcc_ex.o(.revsh_text), (4 bytes).
    Removing stm32f4xx_hal_rcc_ex.o(.rrx_text), (6 bytes).
    Removing stm32f4xx_hal_rcc_ex.o(i.HAL_RCCEx_DisablePLLI2S), (56 bytes).
    Removing stm32f4xx_hal_rcc_ex.o(i.HAL_RCCEx_EnablePLLI2S), (112 bytes).
    Removing stm32f4xx_hal_rcc_ex.o(i.HAL_RCCEx_GetPeriphCLKConfig), (56 bytes).
    Removing stm32f4xx_hal_rcc_ex.o(i.HAL_RCCEx_GetPeriphCLKFreq), (144 bytes).
    Removing stm32f4xx_hal_rcc_ex.o(i.HAL_RCCEx_PeriphCLKConfig), (416 bytes).
    Removing stm32f4xx_hal_rcc_ex.o(i.HAL_RCC_DeInit), (384 bytes).
    Removing stm32f4xx_it.o(.rev16_text), (4 bytes).
    Removing stm32f4xx_it.o(.revsh_text), (4 bytes).
    Removing stm32f4xx_it.o(.rrx_text), (6 bytes).
    Removing stm32f4xx_hal_msp.o(.rev16_text), (4 bytes).
    Removing stm32f4xx_hal_msp.o(.revsh_text), (4 bytes).
    Removing stm32f4xx_hal_msp.o(.rrx_text), (6 bytes).
    Removing stm32f4xx_hal_msp.o(i.HAL_MspDeInit), (2 bytes).
    Removing stm32f4xx_hal_gpio.o(.rev16_text), (4 bytes).
    Removing stm32f4xx_hal_gpio.o(.revsh_text), (4 bytes).
    Removing stm32f4xx_hal_gpio.o(.rrx_text), (6 bytes).
    Removing stm32f4xx_hal_gpio.o(i.HAL_GPIO_DeInit), (360 bytes).
    Removing stm32f4xx_hal_gpio.o(i.HAL_GPIO_EXTI_Callback), (2 bytes).
    Removing stm32f4xx_hal_gpio.o(i.HAL_GPIO_EXTI_IRQHandler), (28 bytes).
    Removing stm32f4xx_hal_gpio.o(i.HAL_GPIO_LockPin), (46 bytes).
    Removing stm32f4xx_hal_gpio.o(i.HAL_GPIO_ReadPin), (16 bytes).
    Removing stm32f4xx_hal_uart.o(.rev16_text), (4 bytes).
    Removing stm32f4xx_hal_uart.o(.revsh_text), (4 bytes).
    Removing stm32f4xx_hal_uart.o(.rrx_text), (6 bytes).
    Removing stm32f4xx_hal_uart.o(i.HAL_HalfDuplex_EnableReceiver), (68 bytes).
    Removing stm32f4xx_hal_uart.o(i.HAL_HalfDuplex_EnableTransmitter), (68 bytes).
    Removing stm32f4xx_hal_uart.o(i.HAL_HalfDuplex_Init), (118 bytes).
    Removing stm32f4xx_hal_uart.o(i.HAL_LIN_Init), (142 bytes).
    Removing stm32f4xx_hal_uart.o(i.HAL_LIN_SendBreak), (80 bytes).
    Removing stm32f4xx_hal_uart.o(i.HAL_MultiProcessor_EnterMuteMode), (80 bytes).
    Removing stm32f4xx_hal_uart.o(i.HAL_MultiProcessor_ExitMuteMode), (80 bytes).
    Removing stm32f4xx_hal_uart.o(i.HAL_MultiProcessor_Init), (154 bytes).
    Removing stm32f4xx_hal_uart.o(i.HAL_UARTEx_ReceiveToIdle), (320 bytes).
    Removing stm32f4xx_hal_uart.o(i.HAL_UARTEx_ReceiveToIdle_DMA), (130 bytes).
    Removing stm32f4xx_hal_uart.o(i.HAL_UARTEx_ReceiveToIdle_IT), (130 bytes).
    Removing stm32f4xx_hal_uart.o(i.HAL_UARTEx_RxEventCallback), (2 bytes).
    Removing stm32f4xx_hal_uart.o(i.HAL_UART_Abort), (282 bytes).
    Removing stm32f4xx_hal_uart.o(i.HAL_UART_AbortCpltCallback), (2 bytes).
    Removing stm32f4xx_hal_uart.o(i.HAL_UART_AbortReceive), (196 bytes).
    Removing stm32f4xx_hal_uart.o(i.HAL_UART_AbortReceiveCpltCallback), (2 bytes).
    Removing stm32f4xx_hal_uart.o(i.HAL_UART_AbortReceive_IT), (220 bytes).
    Removing stm32f4xx_hal_uart.o(i.HAL_UART_AbortTransmit), (126 bytes).
    Removing stm32f4xx_hal_uart.o(i.HAL_UART_AbortTransmitCpltCallback), (2 bytes).
    Removing stm32f4xx_hal_uart.o(i.HAL_UART_AbortTransmit_IT), (144 bytes).
    Removing stm32f4xx_hal_uart.o(i.HAL_UART_Abort_IT), (336 bytes).
    Removing stm32f4xx_hal_uart.o(i.HAL_UART_DMAPause), (198 bytes).
    Removing stm32f4xx_hal_uart.o(i.HAL_UART_DMAResume), (202 bytes).
    Removing stm32f4xx_hal_uart.o(i.HAL_UART_DMAStop), (138 bytes).
    Removing stm32f4xx_hal_uart.o(i.HAL_UART_DeInit), (60 bytes).
    Removing stm32f4xx_hal_uart.o(i.HAL_UART_ErrorCallback), (2 bytes).
    Removing stm32f4xx_hal_uart.o(i.HAL_UART_GetError), (6 bytes).
    Removing stm32f4xx_hal_uart.o(i.HAL_UART_GetState), (20 bytes).
    Removing stm32f4xx_hal_uart.o(i.HAL_UART_IRQHandler), (736 bytes).
    Removing stm32f4xx_hal_uart.o(i.HAL_UART_MspDeInit), (2 bytes).
    Removing stm32f4xx_hal_uart.o(i.HAL_UART_MspInit), (2 bytes).
    Removing stm32f4xx_hal_uart.o(i.HAL_UART_Receive), (220 bytes).
    Removing stm32f4xx_hal_uart.o(i.HAL_UART_Receive_DMA), (66 bytes).
    Removing stm32f4xx_hal_uart.o(i.HAL_UART_Receive_IT), (66 bytes).
    Removing stm32f4xx_hal_uart.o(i.HAL_UART_RxCpltCallback), (2 bytes).
    Removing stm32f4xx_hal_uart.o(i.HAL_UART_RxHalfCpltCallback), (2 bytes).
    Removing stm32f4xx_hal_uart.o(i.HAL_UART_Transmit), (210 bytes).
    Removing stm32f4xx_hal_uart.o(i.HAL_UART_Transmit_DMA), (172 bytes).
    Removing stm32f4xx_hal_uart.o(i.HAL_UART_Transmit_IT), (88 bytes).
    Removing stm32f4xx_hal_uart.o(i.HAL_UART_TxCpltCallback), (2 bytes).
    Removing stm32f4xx_hal_uart.o(i.HAL_UART_TxHalfCpltCallback), (2 bytes).
    Removing stm32f4xx_hal_uart.o(i.UART_DMAAbortOnError), (20 bytes).
    Removing stm32f4xx_hal_uart.o(i.UART_DMAError), (80 bytes).
    Removing stm32f4xx_hal_uart.o(i.UART_DMAReceiveCplt), (176 bytes).
    Removing stm32f4xx_hal_uart.o(i.UART_DMARxAbortCallback), (56 bytes).
    Removing stm32f4xx_hal_uart.o(i.UART_DMARxHalfCplt), (32 bytes).
    Removing stm32f4xx_hal_uart.o(i.UART_DMARxOnlyAbortCallback), (28 bytes).
    Removing stm32f4xx_hal_uart.o(i.UART_DMATransmitCplt), (88 bytes).
    Removing stm32f4xx_hal_uart.o(i.UART_DMATxAbortCallback), (56 bytes).
    Removing stm32f4xx_hal_uart.o(i.UART_DMATxHalfCplt), (14 bytes).
    Removing stm32f4xx_hal_uart.o(i.UART_DMATxOnlyAbortCallback), (24 bytes).
    Removing stm32f4xx_hal_uart.o(i.UART_EndRxTransfer), (108 bytes).
    Removing stm32f4xx_hal_uart.o(i.UART_EndTransmit_IT), (32 bytes).
    Removing stm32f4xx_hal_uart.o(i.UART_EndTxTransfer), (38 bytes).
    Removing stm32f4xx_hal_uart.o(i.UART_Receive_IT), (248 bytes).
    Removing stm32f4xx_hal_uart.o(i.UART_Start_Receive_DMA), (208 bytes).
    Removing stm32f4xx_hal_uart.o(i.UART_Start_Receive_IT), (74 bytes).
    Removing stm32f4xx_hal_uart.o(i.UART_Transmit_IT), (96 bytes).
    Removing stm32f4xx_hal_uart.o(i.UART_WaitOnFlagUntilTimeout), (146 bytes).
    Removing stm32f4xx_hal_usart.o(.rev16_text), (4 bytes).
    Removing stm32f4xx_hal_usart.o(.revsh_text), (4 bytes).
    Removing stm32f4xx_hal_usart.o(.rrx_text), (6 bytes).
    Removing stm32f4xx_hal_usart.o(i.HAL_USART_Abort), (126 bytes).
    Removing stm32f4xx_hal_usart.o(i.HAL_USART_AbortCpltCallback), (2 bytes).
    Removing stm32f4xx_hal_usart.o(i.HAL_USART_Abort_IT), (220 bytes).
    Removing stm32f4xx_hal_usart.o(i.HAL_USART_DMAPause), (50 bytes).
    Removing stm32f4xx_hal_usart.o(i.HAL_USART_DMAResume), (50 bytes).
    Removing stm32f4xx_hal_usart.o(i.HAL_USART_DMAStop), (102 bytes).
    Removing stm32f4xx_hal_usart.o(i.HAL_USART_DeInit), (54 bytes).
    Removing stm32f4xx_hal_usart.o(i.HAL_USART_ErrorCallback), (2 bytes).
    Removing stm32f4xx_hal_usart.o(i.HAL_USART_GetError), (6 bytes).
    Removing stm32f4xx_hal_usart.o(i.HAL_USART_GetState), (8 bytes).
    Removing stm32f4xx_hal_usart.o(i.HAL_USART_IRQHandler), (392 bytes).
    Removing stm32f4xx_hal_usart.o(i.HAL_USART_Init), (90 bytes).
    Removing stm32f4xx_hal_usart.o(i.HAL_USART_MspDeInit), (2 bytes).
    Removing stm32f4xx_hal_usart.o(i.HAL_USART_MspInit), (2 bytes).
    Removing stm32f4xx_hal_usart.o(i.HAL_USART_Receive), (238 bytes).
    Removing stm32f4xx_hal_usart.o(i.HAL_USART_Receive_DMA), (252 bytes).
    Removing stm32f4xx_hal_usart.o(i.HAL_USART_Receive_IT), (126 bytes).
    Removing stm32f4xx_hal_usart.o(i.HAL_USART_RxCpltCallback), (2 bytes).
    Removing stm32f4xx_hal_usart.o(i.HAL_USART_RxHalfCpltCallback), (2 bytes).
    Removing stm32f4xx_hal_usart.o(i.HAL_USART_Transmit), (204 bytes).
    Removing stm32f4xx_hal_usart.o(i.HAL_USART_TransmitReceive), (344 bytes).
    Removing stm32f4xx_hal_usart.o(i.HAL_USART_TransmitReceive_DMA), (272 bytes).
    Removing stm32f4xx_hal_usart.o(i.HAL_USART_TransmitReceive_IT), (136 bytes).
    Removing stm32f4xx_hal_usart.o(i.HAL_USART_Transmit_DMA), (156 bytes).
    Removing stm32f4xx_hal_usart.o(i.HAL_USART_Transmit_IT), (88 bytes).
    Removing stm32f4xx_hal_usart.o(i.HAL_USART_TxCpltCallback), (2 bytes).
    Removing stm32f4xx_hal_usart.o(i.HAL_USART_TxHalfCpltCallback), (2 bytes).
    Removing stm32f4xx_hal_usart.o(i.HAL_USART_TxRxCpltCallback), (2 bytes).
    Removing stm32f4xx_hal_usart.o(i.USART_DMAAbortOnError), (20 bytes).
    Removing stm32f4xx_hal_usart.o(i.USART_DMAError), (84 bytes).
    Removing stm32f4xx_hal_usart.o(i.USART_DMAReceiveCplt), (122 bytes).
    Removing stm32f4xx_hal_usart.o(i.USART_DMARxAbortCallback), (48 bytes).
    Removing stm32f4xx_hal_usart.o(i.USART_DMARxHalfCplt), (14 bytes).
    Removing stm32f4xx_hal_usart.o(i.USART_DMATransmitCplt), (70 bytes).
    Removing stm32f4xx_hal_usart.o(i.USART_DMATxAbortCallback), (48 bytes).
    Removing stm32f4xx_hal_usart.o(i.USART_DMATxHalfCplt), (14 bytes).
    Removing stm32f4xx_hal_usart.o(i.USART_EndRxTransfer), (32 bytes).
    Removing stm32f4xx_hal_usart.o(i.USART_EndTransmit_IT), (44 bytes).
    Removing stm32f4xx_hal_usart.o(i.USART_EndTxTransfer), (20 bytes).
    Removing stm32f4xx_hal_usart.o(i.USART_Receive_IT), (166 bytes).
    Removing stm32f4xx_hal_usart.o(i.USART_SetConfig), (596 bytes).
    Removing stm32f4xx_hal_usart.o(i.USART_TransmitReceive_IT), (254 bytes).
    Removing stm32f4xx_hal_usart.o(i.USART_Transmit_IT), (96 bytes).
    Removing stm32f4xx_hal_usart.o(i.USART_WaitOnFlagUntilTimeout), (128 bytes).
    Removing stm32f4xx_hal_dma.o(.rev16_text), (4 bytes).
    Removing stm32f4xx_hal_dma.o(.revsh_text), (4 bytes).
    Removing stm32f4xx_hal_dma.o(.rrx_text), (6 bytes).
    Removing stm32f4xx_hal_dma.o(i.DMA_CalcBaseAndBitshift), (52 bytes).
    Removing stm32f4xx_hal_dma.o(i.DMA_CheckFifoParam), (170 bytes).
    Removing stm32f4xx_hal_dma.o(i.DMA_SetConfig), (44 bytes).
    Removing stm32f4xx_hal_dma.o(i.HAL_DMA_Abort), (172 bytes).
    Removing stm32f4xx_hal_dma.o(i.HAL_DMA_Abort_IT), (40 bytes).
    Removing stm32f4xx_hal_dma.o(i.HAL_DMA_DeInit), (112 bytes).
    Removing stm32f4xx_hal_dma.o(i.HAL_DMA_GetError), (6 bytes).
    Removing stm32f4xx_hal_dma.o(i.HAL_DMA_GetState), (8 bytes).
    Removing stm32f4xx_hal_dma.o(i.HAL_DMA_IRQHandler), (576 bytes).
    Removing stm32f4xx_hal_dma.o(i.HAL_DMA_Init), (236 bytes).
    Removing stm32f4xx_hal_dma.o(i.HAL_DMA_PollForTransfer), (346 bytes).
    Removing stm32f4xx_hal_dma.o(i.HAL_DMA_RegisterCallback), (96 bytes).
    Removing stm32f4xx_hal_dma.o(i.HAL_DMA_Start), (102 bytes).
    Removing stm32f4xx_hal_dma.o(i.HAL_DMA_Start_IT), (146 bytes).
    Removing stm32f4xx_hal_dma.o(i.HAL_DMA_UnRegisterCallback), (124 bytes).
    Removing stm32f4xx_hal_dma.o(.constdata), (8 bytes).
    Removing stm32f4xx_hal_dma_ex.o(.rev16_text), (4 bytes).
    Removing stm32f4xx_hal_dma_ex.o(.revsh_text), (4 bytes).
    Removing stm32f4xx_hal_dma_ex.o(.rrx_text), (6 bytes).
    Removing stm32f4xx_hal_dma_ex.o(i.DMA_MultiBufferSetConfig), (32 bytes).
    Removing stm32f4xx_hal_dma_ex.o(i.HAL_DMAEx_ChangeMemory), (18 bytes).
    Removing stm32f4xx_hal_dma_ex.o(i.HAL_DMAEx_MultiBufferStart), (124 bytes).
    Removing stm32f4xx_hal_dma_ex.o(i.HAL_DMAEx_MultiBufferStart_IT), (4056 bytes).

262 unused section(s) (total 23400 bytes) removed from the image.

==============================================================================

Image Symbol Table

    Local Symbols

    Symbol Name                              Value     Ov Type        Size  Object(Section)

    ../clib/../cmprslib/zerorunl2.c          0x00000000   Number         0  __dczerorl2.o ABSOLUTE
    ../clib/microlib/division.c              0x00000000   Number         0  uldiv.o ABSOLUTE
    ../clib/microlib/init/entry.s            0x00000000   Number         0  entry2.o ABSOLUTE
    ../clib/microlib/init/entry.s            0x00000000   Number         0  entry.o ABSOLUTE
    ../clib/microlib/init/entry.s            0x00000000   Number         0  entry5.o ABSOLUTE
    ../clib/microlib/init/entry.s            0x00000000   Number         0  entry10a.o ABSOLUTE
    ../clib/microlib/init/entry.s            0x00000000   Number         0  entry7a.o ABSOLUTE
    ../clib/microlib/init/entry.s            0x00000000   Number         0  entry7b.o ABSOLUTE
    ../clib/microlib/init/entry.s            0x00000000   Number         0  entry10b.o ABSOLUTE
    ../clib/microlib/init/entry.s            0x00000000   Number         0  entry8a.o ABSOLUTE
    ../clib/microlib/init/entry.s            0x00000000   Number         0  entry8b.o ABSOLUTE
    ../clib/microlib/init/entry.s            0x00000000   Number         0  entry12b.o ABSOLUTE
    ../clib/microlib/init/entry.s            0x00000000   Number         0  entry12a.o ABSOLUTE
    ../clib/microlib/init/entry.s            0x00000000   Number         0  entry11b.o ABSOLUTE
    ../clib/microlib/init/entry.s            0x00000000   Number         0  entry11a.o ABSOLUTE
    ../clib/microlib/init/entry.s            0x00000000   Number         0  entry9a.o ABSOLUTE
    ../clib/microlib/init/entry.s            0x00000000   Number         0  entry9b.o ABSOLUTE
    ../clib/microlib/longlong.c              0x00000000   Number         0  llshl.o ABSOLUTE
    ../clib/microlib/longlong.c              0x00000000   Number         0  llushr.o ABSOLUTE
    ../clib/microlib/string/memcpy.c         0x00000000   Number         0  memcpyb.o ABSOLUTE
    ../clib/microlib/string/memcpy.c         0x00000000   Number         0  memcpya.o ABSOLUTE
    ../clib/microlib/string/memset.c         0x00000000   Number         0  memseta.o ABSOLUTE
    ..\..\libraries\STM32F4xx\Source\arm\startup_stm32f407xx.s 0x00000000   Number         0  startup_stm32f407xx.o ABSOLUTE
    ..\..\libraries\STM32F4xx\Source\system_stm32f4xx.c 0x00000000   Number         0  system_stm32f4xx.o ABSOLUTE
    ..\..\libraries\STM32F4xx_HAL_Driver\Src\stm32f4xx_hal.c 0x00000000   Number         0  stm32f4xx_hal.o ABSOLUTE
    ..\..\libraries\STM32F4xx_HAL_Driver\Src\stm32f4xx_hal_cortex.c 0x00000000   Number         0  stm32f4xx_hal_cortex.o ABSOLUTE
    ..\..\libraries\STM32F4xx_HAL_Driver\Src\stm32f4xx_hal_dma.c 0x00000000   Number         0  stm32f4xx_hal_dma.o ABSOLUTE
    ..\..\libraries\STM32F4xx_HAL_Driver\Src\stm32f4xx_hal_dma_ex.c 0x00000000   Number         0  stm32f4xx_hal_dma_ex.o ABSOLUTE
    ..\..\libraries\STM32F4xx_HAL_Driver\Src\stm32f4xx_hal_gpio.c 0x00000000   Number         0  stm32f4xx_hal_gpio.o ABSOLUTE
    ..\..\libraries\STM32F4xx_HAL_Driver\Src\stm32f4xx_hal_msp.c 0x00000000   Number         0  stm32f4xx_hal_msp.o ABSOLUTE
    ..\..\libraries\STM32F4xx_HAL_Driver\Src\stm32f4xx_hal_rcc.c 0x00000000   Number         0  stm32f4xx_hal_rcc.o ABSOLUTE
    ..\..\libraries\STM32F4xx_HAL_Driver\Src\stm32f4xx_hal_rcc_ex.c 0x00000000   Number         0  stm32f4xx_hal_rcc_ex.o ABSOLUTE
    ..\..\libraries\STM32F4xx_HAL_Driver\Src\stm32f4xx_hal_uart.c 0x00000000   Number         0  stm32f4xx_hal_uart.o ABSOLUTE
    ..\..\libraries\STM32F4xx_HAL_Driver\Src\stm32f4xx_hal_usart.c 0x00000000   Number         0  stm32f4xx_hal_usart.o ABSOLUTE
    ..\..\libraries\STM32F4xx_HAL_Driver\Src\stm32f4xx_it.c 0x00000000   Number         0  stm32f4xx_it.o ABSOLUTE
    ..\..\src\common\comm_init.c             0x00000000   Number         0  comm_init.o ABSOLUTE
    ..\..\src\components\soft_timer\soft_timer.c 0x00000000   Number         0  soft_timer.o ABSOLUTE
    ..\..\src\devices\device_beep\device_beep.c 0x00000000   Number         0  device_beep.o ABSOLUTE
    ..\..\src\devices\device_key\device_key.c 0x00000000   Number         0  device_key.o ABSOLUTE
    ..\..\src\devices\device_switch_led\device_switch_led.c 0x00000000   Number         0  device_switch_led.o ABSOLUTE
    ..\..\src\dirvers\base.c                 0x00000000   Number         0  base.o ABSOLUTE
    ..\..\src\dirvers\driver_uart\driver_uart_fifo.c 0x00000000   Number         0  driver_uart_fifo.o ABSOLUTE
    ..\..\src\main.c                         0x00000000   Number         0  main.o ABSOLUTE
    ..\\..\\libraries\\STM32F4xx\\Source\\system_stm32f4xx.c 0x00000000   Number         0  system_stm32f4xx.o ABSOLUTE
    ..\\..\\libraries\\STM32F4xx_HAL_Driver\\Src\\stm32f4xx_hal.c 0x00000000   Number         0  stm32f4xx_hal.o ABSOLUTE
    ..\\..\\libraries\\STM32F4xx_HAL_Driver\\Src\\stm32f4xx_hal_cortex.c 0x00000000   Number         0  stm32f4xx_hal_cortex.o ABSOLUTE
    ..\\..\\libraries\\STM32F4xx_HAL_Driver\\Src\\stm32f4xx_hal_dma.c 0x00000000   Number         0  stm32f4xx_hal_dma.o ABSOLUTE
    ..\\..\\libraries\\STM32F4xx_HAL_Driver\\Src\\stm32f4xx_hal_dma_ex.c 0x00000000   Number         0  stm32f4xx_hal_dma_ex.o ABSOLUTE
    ..\\..\\libraries\\STM32F4xx_HAL_Driver\\Src\\stm32f4xx_hal_gpio.c 0x00000000   Number         0  stm32f4xx_hal_gpio.o ABSOLUTE
    ..\\..\\libraries\\STM32F4xx_HAL_Driver\\Src\\stm32f4xx_hal_msp.c 0x00000000   Number         0  stm32f4xx_hal_msp.o ABSOLUTE
    ..\\..\\libraries\\STM32F4xx_HAL_Driver\\Src\\stm32f4xx_hal_rcc.c 0x00000000   Number         0  stm32f4xx_hal_rcc.o ABSOLUTE
    ..\\..\\libraries\\STM32F4xx_HAL_Driver\\Src\\stm32f4xx_hal_rcc_ex.c 0x00000000   Number         0  stm32f4xx_hal_rcc_ex.o ABSOLUTE
    ..\\..\\libraries\\STM32F4xx_HAL_Driver\\Src\\stm32f4xx_hal_uart.c 0x00000000   Number         0  stm32f4xx_hal_uart.o ABSOLUTE
    ..\\..\\libraries\\STM32F4xx_HAL_Driver\\Src\\stm32f4xx_hal_usart.c 0x00000000   Number         0  stm32f4xx_hal_usart.o ABSOLUTE
    ..\\..\\libraries\\STM32F4xx_HAL_Driver\\Src\\stm32f4xx_it.c 0x00000000   Number         0  stm32f4xx_it.o ABSOLUTE
    ..\\..\\src\\devices\\device_beep\\device_beep.c 0x00000000   Number         0  device_beep.o ABSOLUTE
    ..\\..\\src\\devices\\device_key\\device_key.c 0x00000000   Number         0  device_key.o ABSOLUTE
    ..\\..\\src\\devices\\device_switch_led\\device_switch_led.c 0x00000000   Number         0  device_switch_led.o ABSOLUTE
    ..\\..\\src\\dirvers\\base.c             0x00000000   Number         0  base.o ABSOLUTE
    ..\\..\\src\\dirvers\\driver_uart\\driver_uart_fifo.c 0x00000000   Number         0  driver_uart_fifo.o ABSOLUTE
    ..\\..\\src\\main.c                      0x00000000   Number         0  main.o ABSOLUTE
    dc.s                                     0x00000000   Number         0  dc.o ABSOLUTE
    handlers.s                               0x00000000   Number         0  handlers.o ABSOLUTE
    init.s                                   0x00000000   Number         0  init.o ABSOLUTE
    RESET                                    0x08000000   Section      392  startup_stm32f407xx.o(RESET)
    .ARM.Collect$$$$00000000                 0x08000188   Section        0  entry.o(.ARM.Collect$$$$00000000)
    .ARM.Collect$$$$00000001                 0x08000188   Section        4  entry2.o(.ARM.Collect$$$$00000001)
    .ARM.Collect$$$$00000004                 0x0800018c   Section        4  entry5.o(.ARM.Collect$$$$00000004)
    .ARM.Collect$$$$00000008                 0x08000190   Section        0  entry7b.o(.ARM.Collect$$$$00000008)
    .ARM.Collect$$$$0000000A                 0x08000190   Section        0  entry8b.o(.ARM.Collect$$$$0000000A)
    .ARM.Collect$$$$0000000B                 0x08000190   Section        8  entry9a.o(.ARM.Collect$$$$0000000B)
    .ARM.Collect$$$$0000000E                 0x08000198   Section        4  entry12b.o(.ARM.Collect$$$$0000000E)
    .ARM.Collect$$$$0000000F                 0x0800019c   Section        0  entry10a.o(.ARM.Collect$$$$0000000F)
    .ARM.Collect$$$$00000011                 0x0800019c   Section        0  entry11a.o(.ARM.Collect$$$$00000011)
    .ARM.Collect$$$$00002712                 0x0800019c   Section        4  entry2.o(.ARM.Collect$$$$00002712)
    __lit__00000000                          0x0800019c   Data           4  entry2.o(.ARM.Collect$$$$00002712)
    .text                                    0x080001a0   Section       36  startup_stm32f407xx.o(.text)
    $v0                                      0x080001a0   Number         0  startup_stm32f407xx.o(.text)
    .text                                    0x080001c4   Section        0  uldiv.o(.text)
    .text                                    0x08000226   Section        0  memcpya.o(.text)
    .text                                    0x0800024a   Section        0  memseta.o(.text)
    .text                                    0x0800026e   Section        0  llshl.o(.text)
    .text                                    0x0800028c   Section        0  llushr.o(.text)
    .text                                    0x080002ac   Section       36  init.o(.text)
    .text                                    0x080002d0   Section        0  __dczerorl2.o(.text)
    i.BusFault_Handler                       0x08000326   Section        0  stm32f4xx_it.o(i.BusFault_Handler)
    i.DebugMon_Handler                       0x0800032a   Section        0  stm32f4xx_it.o(i.DebugMon_Handler)
    i.Error_Handler                          0x0800032c   Section        0  base.o(i.Error_Handler)
    i.HAL_EnableCompensationCell             0x08000334   Section        0  stm32f4xx_hal.o(i.HAL_EnableCompensationCell)
    i.HAL_GPIO_Init                          0x08000340   Section        0  stm32f4xx_hal_gpio.o(i.HAL_GPIO_Init)
    i.HAL_GPIO_TogglePin                     0x08000534   Section        0  stm32f4xx_hal_gpio.o(i.HAL_GPIO_TogglePin)
    i.HAL_GPIO_WritePin                      0x08000548   Section        0  stm32f4xx_hal_gpio.o(i.HAL_GPIO_WritePin)
    i.HAL_GetTick                            0x08000554   Section        0  stm32f4xx_hal.o(i.HAL_GetTick)
    i.HAL_IncTick                            0x08000560   Section        0  stm32f4xx_hal.o(i.HAL_IncTick)
    i.HAL_Init                               0x08000578   Section        0  stm32f4xx_hal.o(i.HAL_Init)
    i.HAL_InitTick                           0x080005a8   Section        0  stm32f4xx_hal.o(i.HAL_InitTick)
    i.HAL_MspInit                            0x080005f4   Section        0  stm32f4xx_hal_msp.o(i.HAL_MspInit)
    i.HAL_NVIC_EnableIRQ                     0x080005f6   Section        0  stm32f4xx_hal_cortex.o(i.HAL_NVIC_EnableIRQ)
    i.HAL_NVIC_SetPriority                   0x08000616   Section        0  stm32f4xx_hal_cortex.o(i.HAL_NVIC_SetPriority)
    i.HAL_NVIC_SetPriorityGrouping           0x08000694   Section        0  stm32f4xx_hal_cortex.o(i.HAL_NVIC_SetPriorityGrouping)
    i.HAL_RCC_ClockConfig                    0x080006bc   Section        0  stm32f4xx_hal_rcc.o(i.HAL_RCC_ClockConfig)
    i.HAL_RCC_GetHCLKFreq                    0x08000840   Section        0  stm32f4xx_hal_rcc.o(i.HAL_RCC_GetHCLKFreq)
    i.HAL_RCC_GetPCLK1Freq                   0x0800084c   Section        0  stm32f4xx_hal_rcc.o(i.HAL_RCC_GetPCLK1Freq)
    i.HAL_RCC_GetPCLK2Freq                   0x0800086c   Section        0  stm32f4xx_hal_rcc.o(i.HAL_RCC_GetPCLK2Freq)
    i.HAL_RCC_GetSysClockFreq                0x0800088c   Section        0  stm32f4xx_hal_rcc.o(i.HAL_RCC_GetSysClockFreq)
    i.HAL_RCC_OscConfig                      0x0800093c   Section        0  stm32f4xx_hal_rcc.o(i.HAL_RCC_OscConfig)
    i.HAL_SYSTICK_Config                     0x08000dd8   Section        0  stm32f4xx_hal_cortex.o(i.HAL_SYSTICK_Config)
    i.HAL_UART_Init                          0x08000e0c   Section        0  stm32f4xx_hal_uart.o(i.HAL_UART_Init)
    i.HAL_UART_MspInit                       0x08000e80   Section        0  driver_uart_fifo.o(i.HAL_UART_MspInit)
    i.HardFault_Handler                      0x080011e0   Section        0  stm32f4xx_it.o(i.HardFault_Handler)
    i.MemManage_Handler                      0x080011e4   Section        0  stm32f4xx_it.o(i.MemManage_Handler)
    i.NMI_Handler                            0x080011e8   Section        0  stm32f4xx_it.o(i.NMI_Handler)
    i.PendSV_Handler                         0x080011ea   Section        0  stm32f4xx_it.o(i.PendSV_Handler)
    i.SVC_Handler                            0x080011ec   Section        0  stm32f4xx_it.o(i.SVC_Handler)
    i.SysTick_Handler                        0x080011ee   Section        0  stm32f4xx_it.o(i.SysTick_Handler)
    i.SystemInit                             0x08001200   Section        0  system_stm32f4xx.o(i.SystemInit)
    i.UART4_IRQHandler                       0x08001258   Section        0  driver_uart_fifo.o(i.UART4_IRQHandler)
    i.UART5_IRQHandler                       0x08001268   Section        0  driver_uart_fifo.o(i.UART5_IRQHandler)
    i.UART_SetConfig                         0x08001278   Section        0  stm32f4xx_hal_uart.o(i.UART_SetConfig)
    UART_SetConfig                           0x08001279   Thumb Code   546  stm32f4xx_hal_uart.o(i.UART_SetConfig)
    i.USART1_IRQHandler                      0x080014a4   Section        0  driver_uart_fifo.o(i.USART1_IRQHandler)
    i.USART2_IRQHandler                      0x080014b4   Section        0  driver_uart_fifo.o(i.USART2_IRQHandler)
    i.USART3_IRQHandler                      0x080014c4   Section        0  driver_uart_fifo.o(i.USART3_IRQHandler)
    i.USART6_IRQHandler                      0x080014d4   Section        0  driver_uart_fifo.o(i.USART6_IRQHandler)
    i.UsageFault_Handler                     0x080014e4   Section        0  stm32f4xx_it.o(i.UsageFault_Handler)
    i.__NVIC_GetPriorityGrouping             0x080014e8   Section        0  stm32f4xx_hal_cortex.o(i.__NVIC_GetPriorityGrouping)
    __NVIC_GetPriorityGrouping               0x080014e9   Thumb Code    10  stm32f4xx_hal_cortex.o(i.__NVIC_GetPriorityGrouping)
    i.__NVIC_SetPriority                     0x080014f8   Section        0  stm32f4xx_hal_cortex.o(i.__NVIC_SetPriority)
    __NVIC_SetPriority                       0x080014f9   Thumb Code    32  stm32f4xx_hal_cortex.o(i.__NVIC_SetPriority)
    i.__scatterload_copy                     0x08001520   Section       14  handlers.o(i.__scatterload_copy)
    i.__scatterload_null                     0x0800152e   Section        2  handlers.o(i.__scatterload_null)
    i.__scatterload_zeroinit                 0x08001530   Section       14  handlers.o(i.__scatterload_zeroinit)
    i.beep_device_init                       0x08001540   Section        0  device_beep.o(i.beep_device_init)
    i.comm_board_init                        0x08001560   Section        0  comm_init.o(i.comm_board_init)
    i.comm_components_init                   0x0800157c   Section        0  comm_init.o(i.comm_components_init)
    i.device_beep_handle                     0x08001598   Section        0  device_beep.o(i.device_beep_handle)
    i.device_beep_hard_init                  0x080016fc   Section        0  device_beep.o(i.device_beep_hard_init)
    device_beep_hard_init                    0x080016fd   Thumb Code   400  device_beep.o(i.device_beep_hard_init)
    i.device_beep_key_tone                   0x080018b4   Section        0  device_beep.o(i.device_beep_key_tone)
    i.device_beep_off                        0x080018ce   Section        0  device_beep.o(i.device_beep_off)
    device_beep_off                          0x080018cf   Thumb Code    16  device_beep.o(i.device_beep_off)
    i.device_beep_on                         0x080018de   Section        0  device_beep.o(i.device_beep_on)
    device_beep_on                           0x080018df   Thumb Code    16  device_beep.o(i.device_beep_on)
    i.device_beep_start                      0x080018f0   Section        0  device_beep.o(i.device_beep_start)
    i.device_detect_key                      0x08001970   Section        0  device_key.o(i.device_detect_key)
    device_detect_key                        0x08001971   Thumb Code   200  device_key.o(i.device_detect_key)
    i.device_get_key                         0x08001a3c   Section        0  device_key.o(i.device_get_key)
    i.device_key_hard_init                   0x08001a70   Section        0  device_key.o(i.device_key_hard_init)
    device_key_hard_init                     0x08001a71   Thumb Code   394  device_key.o(i.device_key_hard_init)
    i.device_key_scan_10ms                   0x08001c24   Section        0  device_key.o(i.device_key_scan_10ms)
    i.device_key_value_init                  0x08001c3c   Section        0  device_key.o(i.device_key_value_init)
    device_key_value_init                    0x08001c3d   Thumb Code    70  device_key.o(i.device_key_value_init)
    i.device_put_key                         0x08001c8c   Section        0  device_key.o(i.device_put_key)
    i.driver_uart_init                       0x08001cac   Section        0  driver_uart_fifo.o(i.driver_uart_init)
    driver_uart_init                         0x08001cad   Thumb Code    94  driver_uart_fifo.o(i.driver_uart_init)
    i.i_board_end                            0x08001d40   Section        0  comm_init.o(i.i_board_end)
    i_board_end                              0x08001d41   Thumb Code     4  comm_init.o(i.i_board_end)
    i.i_board_start                          0x08001d44   Section        0  comm_init.o(i.i_board_start)
    i_board_start                            0x08001d45   Thumb Code     4  comm_init.o(i.i_board_start)
    i.i_end                                  0x08001d48   Section        0  comm_init.o(i.i_end)
    i_end                                    0x08001d49   Thumb Code     4  comm_init.o(i.i_end)
    i.i_start                                0x08001d4c   Section        0  comm_init.o(i.i_start)
    i_start                                  0x08001d4d   Thumb Code     4  comm_init.o(i.i_start)
    i.is_key_down_func                       0x08001d50   Section        0  device_key.o(i.is_key_down_func)
    is_key_down_func                         0x08001d51   Thumb Code    62  device_key.o(i.is_key_down_func)
    i.key_device_init                        0x08001d90   Section        0  device_key.o(i.key_device_init)
    i.key_handle                             0x08001db4   Section        0  main.o(i.key_handle)
    i.key_pin_active                         0x08001e58   Section        0  device_key.o(i.key_pin_active)
    key_pin_active                           0x08001e59   Thumb Code    48  device_key.o(i.key_pin_active)
    i.main                                   0x08001e8c   Section        0  main.o(i.main)
    i.run_per_10ms                           0x08001ed8   Section        0  base.o(i.run_per_10ms)
    run_per_10ms                             0x08001ed9   Thumb Code     2  base.o(i.run_per_10ms)
    i.run_per_1ms                            0x08001eda   Section        0  base.o(i.run_per_1ms)
    run_per_1ms                              0x08001edb   Thumb Code     2  base.o(i.run_per_1ms)
    i.soft_timer_run                         0x08001edc   Section        0  soft_timer.o(i.soft_timer_run)
    i.soft_timer_set                         0x08001f18   Section        0  soft_timer.o(i.soft_timer_set)
    i.soft_timer_update                      0x08001f6c   Section        0  soft_timer.o(i.soft_timer_update)
    i.switch_led_device_init                 0x08001ffc   Section        0  device_switch_led.o(i.switch_led_device_init)
    i.switch_led_gpio_init                   0x0800201c   Section        0  device_switch_led.o(i.switch_led_gpio_init)
    i.switch_led_off                         0x080021d4   Section        0  device_switch_led.o(i.switch_led_off)
    i.switch_led_on                          0x080021e8   Section        0  device_switch_led.o(i.switch_led_on)
    i.switch_led_toggle                      0x080021fc   Section        0  device_switch_led.o(i.switch_led_toggle)
    i.system_clock_config                    0x0800220c   Section        0  base.o(i.system_clock_config)
    i.system_init                            0x080022fc   Section        0  comm_init.o(i.system_init)
    i.systick_isr                            0x0800230c   Section        0  base.o(i.systick_isr)
    i.uart_fifo_driver_init                  0x0800234c   Section        0  driver_uart_fifo.o(i.uart_fifo_driver_init)
    i.uart_fifo_irq                          0x080025d4   Section        0  driver_uart_fifo.o(i.uart_fifo_irq)
    uart_fifo_irq                            0x080025d5   Thumb Code   246  driver_uart_fifo.o(i.uart_fifo_irq)
    .comm_i_fn.0                             0x080026cc   Section        4  comm_init.o(.comm_i_fn.0)
    __tagsym$$used                           0x080026cc   Number         0  comm_init.o(.comm_i_fn.0)
    .comm_i_fn.0.end                         0x080026d0   Section        4  comm_init.o(.comm_i_fn.0.end)
    __tagsym$$used                           0x080026d0   Number         0  comm_init.o(.comm_i_fn.0.end)
    .comm_i_fn.1                             0x080026d4   Section        4  driver_uart_fifo.o(.comm_i_fn.1)
    __tagsym$$used                           0x080026d4   Number         0  driver_uart_fifo.o(.comm_i_fn.1)
    .comm_i_fn.1.end                         0x080026d8   Section        4  comm_init.o(.comm_i_fn.1.end)
    __tagsym$$used                           0x080026d8   Number         0  comm_init.o(.comm_i_fn.1.end)
    .comm_i_fn.3                             0x080026dc   Section        4  device_switch_led.o(.comm_i_fn.3)
    __tagsym$$used                           0x080026dc   Number         0  device_switch_led.o(.comm_i_fn.3)
    .comm_i_fn.3                             0x080026e0   Section        4  device_key.o(.comm_i_fn.3)
    __tagsym$$used                           0x080026e0   Number         0  device_key.o(.comm_i_fn.3)
    .comm_i_fn.3                             0x080026e4   Section        4  device_beep.o(.comm_i_fn.3)
    __tagsym$$used                           0x080026e4   Number         0  device_beep.o(.comm_i_fn.3)
    .comm_i_fn.6.end                         0x080026e8   Section        4  comm_init.o(.comm_i_fn.6.end)
    __tagsym$$used                           0x080026e8   Number         0  comm_init.o(.comm_i_fn.6.end)
    .constdata                               0x080026ec   Section       32  device_key.o(.constdata)
    s_gpio_list_t                            0x080026ec   Data          32  device_key.o(.constdata)
    .constdata                               0x0800270c   Section        8  device_beep.o(.constdata)
    s_gpio_list                              0x0800270c   Data           8  device_beep.o(.constdata)
    .constdata                               0x08002714   Section       24  system_stm32f4xx.o(.constdata)
    .data                                    0x20000000   Section       24  device_switch_led.o(.data)
    .data                                    0x20000018   Section        5  base.o(.data)
    s_count                                  0x2000001c   Data           1  base.o(.data)
    .data                                    0x20000020   Section      264  driver_uart_fifo.o(.data)
    fifo_uart4                               0x20000020   Data          44  driver_uart_fifo.o(.data)
    fifo_uart5                               0x2000004c   Data          44  driver_uart_fifo.o(.data)
    fifo_uart1                               0x20000078   Data          44  driver_uart_fifo.o(.data)
    fifo_uart2                               0x200000a4   Data          44  driver_uart_fifo.o(.data)
    fifo_uart3                               0x200000d0   Data          44  driver_uart_fifo.o(.data)
    fifo_uart6                               0x200000fc   Data          44  driver_uart_fifo.o(.data)
    .data                                    0x20000128   Section        4  system_stm32f4xx.o(.data)
    .data                                    0x2000012c   Section        9  stm32f4xx_hal.o(.data)
    .bss                                     0x20000138   Section       77  device_key.o(.bss)
    s_btn                                    0x20000138   Data          64  device_key.o(.bss)
    s_fifo_key                               0x20000178   Data          13  device_key.o(.bss)
    .bss                                     0x20000186   Section       14  device_beep.o(.bss)
    .bss                                     0x20000194   Section     3072  driver_uart_fifo.o(.bss)
    s_uart4_tx_fifo                          0x20000194   Data         256  driver_uart_fifo.o(.bss)
    s_uart4_rx_fifo                          0x20000294   Data         256  driver_uart_fifo.o(.bss)
    s_uart5_tx_fifo                          0x20000394   Data         256  driver_uart_fifo.o(.bss)
    s_uart5_rx_fifo                          0x20000494   Data         256  driver_uart_fifo.o(.bss)
    s_uart1_tx_fifo                          0x20000594   Data         256  driver_uart_fifo.o(.bss)
    s_uart1_rx_fifo                          0x20000694   Data         256  driver_uart_fifo.o(.bss)
    s_uart2_tx_fifo                          0x20000794   Data         256  driver_uart_fifo.o(.bss)
    s_uart2_rx_fifo                          0x20000894   Data         256  driver_uart_fifo.o(.bss)
    s_uart3_tx_fifo                          0x20000994   Data         256  driver_uart_fifo.o(.bss)
    s_uart3_rx_fifo                          0x20000a94   Data         256  driver_uart_fifo.o(.bss)
    s_uart6_tx_fifo                          0x20000b94   Data         256  driver_uart_fifo.o(.bss)
    s_uart6_rx_fifo                          0x20000c94   Data         256  driver_uart_fifo.o(.bss)
    .bss                                     0x20000d94   Section       64  soft_timer.o(.bss)
    s_task_list_t                            0x20000d94   Data          64  soft_timer.o(.bss)
    STACK                                    0x20000dd8   Section     1024  startup_stm32f407xx.o(STACK)

    Global Symbols

    Symbol Name                              Value     Ov Type        Size  Object(Section)

    BuildAttributes$$THM_ISAv4$E$P$D$K$B$S$7EM$VFPi3$EXTD16$VFPS$VFMA$PE$A:L22UL41UL21$X:L11$S22US41US21$IEEE1$IW$USESV6$~STKCKD$USESV7$~SHL$OSPACE$EBA8$MICROLIB$REQ8$PRES8$EABIv2 0x00000000   Number         0  anon$$obj.o ABSOLUTE
    __ARM_use_no_argv                        0x00000000   Number         0  main.o ABSOLUTE
    __arm_fini_                               - Undefined Weak Reference
    __cpp_initialize__aeabi_                  - Undefined Weak Reference
    __cxa_finalize                            - Undefined Weak Reference
    _clock_init                               - Undefined Weak Reference
    _microlib_exit                            - Undefined Weak Reference
    __Vectors_Size                           0x00000188   Number         0  startup_stm32f407xx.o ABSOLUTE
    __Vectors                                0x08000000   Data           4  startup_stm32f407xx.o(RESET)
    __Vectors_End                            0x08000188   Data           0  startup_stm32f407xx.o(RESET)
    __main                                   0x08000189   Thumb Code     0  entry.o(.ARM.Collect$$$$00000000)
    _main_stk                                0x08000189   Thumb Code     0  entry2.o(.ARM.Collect$$$$00000001)
    _main_scatterload                        0x0800018d   Thumb Code     0  entry5.o(.ARM.Collect$$$$00000004)
    __main_after_scatterload                 0x08000191   Thumb Code     0  entry5.o(.ARM.Collect$$$$00000004)
    _main_clock                              0x08000191   Thumb Code     0  entry7b.o(.ARM.Collect$$$$00000008)
    _main_cpp_init                           0x08000191   Thumb Code     0  entry8b.o(.ARM.Collect$$$$0000000A)
    _main_init                               0x08000191   Thumb Code     0  entry9a.o(.ARM.Collect$$$$0000000B)
    __rt_lib_shutdown_fini                   0x08000199   Thumb Code     0  entry12b.o(.ARM.Collect$$$$0000000E)
    __rt_final_cpp                           0x0800019d   Thumb Code     0  entry10a.o(.ARM.Collect$$$$0000000F)
    __rt_final_exit                          0x0800019d   Thumb Code     0  entry11a.o(.ARM.Collect$$$$00000011)
    Reset_Handler                            0x080001a1   Thumb Code     8  startup_stm32f407xx.o(.text)
    ADC_IRQHandler                           0x080001bb   Thumb Code     0  startup_stm32f407xx.o(.text)
    CAN1_RX0_IRQHandler                      0x080001bb   Thumb Code     0  startup_stm32f407xx.o(.text)
    CAN1_RX1_IRQHandler                      0x080001bb   Thumb Code     0  startup_stm32f407xx.o(.text)
    CAN1_SCE_IRQHandler                      0x080001bb   Thumb Code     0  startup_stm32f407xx.o(.text)
    CAN1_TX_IRQHandler                       0x080001bb   Thumb Code     0  startup_stm32f407xx.o(.text)
    CAN2_RX0_IRQHandler                      0x080001bb   Thumb Code     0  startup_stm32f407xx.o(.text)
    CAN2_RX1_IRQHandler                      0x080001bb   Thumb Code     0  startup_stm32f407xx.o(.text)
    CAN2_SCE_IRQHandler                      0x080001bb   Thumb Code     0  startup_stm32f407xx.o(.text)
    CAN2_TX_IRQHandler                       0x080001bb   Thumb Code     0  startup_stm32f407xx.o(.text)
    DCMI_IRQHandler                          0x080001bb   Thumb Code     0  startup_stm32f407xx.o(.text)
    DMA1_Stream0_IRQHandler                  0x080001bb   Thumb Code     0  startup_stm32f407xx.o(.text)
    DMA1_Stream1_IRQHandler                  0x080001bb   Thumb Code     0  startup_stm32f407xx.o(.text)
    DMA1_Stream2_IRQHandler                  0x080001bb   Thumb Code     0  startup_stm32f407xx.o(.text)
    DMA1_Stream3_IRQHandler                  0x080001bb   Thumb Code     0  startup_stm32f407xx.o(.text)
    DMA1_Stream4_IRQHandler                  0x080001bb   Thumb Code     0  startup_stm32f407xx.o(.text)
    DMA1_Stream5_IRQHandler                  0x080001bb   Thumb Code     0  startup_stm32f407xx.o(.text)
    DMA1_Stream6_IRQHandler                  0x080001bb   Thumb Code     0  startup_stm32f407xx.o(.text)
    DMA1_Stream7_IRQHandler                  0x080001bb   Thumb Code     0  startup_stm32f407xx.o(.text)
    DMA2_Stream0_IRQHandler                  0x080001bb   Thumb Code     0  startup_stm32f407xx.o(.text)
    DMA2_Stream1_IRQHandler                  0x080001bb   Thumb Code     0  startup_stm32f407xx.o(.text)
    DMA2_Stream2_IRQHandler                  0x080001bb   Thumb Code     0  startup_stm32f407xx.o(.text)
    DMA2_Stream3_IRQHandler                  0x080001bb   Thumb Code     0  startup_stm32f407xx.o(.text)
    DMA2_Stream4_IRQHandler                  0x080001bb   Thumb Code     0  startup_stm32f407xx.o(.text)
    DMA2_Stream5_IRQHandler                  0x080001bb   Thumb Code     0  startup_stm32f407xx.o(.text)
    DMA2_Stream6_IRQHandler                  0x080001bb   Thumb Code     0  startup_stm32f407xx.o(.text)
    DMA2_Stream7_IRQHandler                  0x080001bb   Thumb Code     0  startup_stm32f407xx.o(.text)
    ETH_IRQHandler                           0x080001bb   Thumb Code     0  startup_stm32f407xx.o(.text)
    ETH_WKUP_IRQHandler                      0x080001bb   Thumb Code     0  startup_stm32f407xx.o(.text)
    EXTI0_IRQHandler                         0x080001bb   Thumb Code     0  startup_stm32f407xx.o(.text)
    EXTI15_10_IRQHandler                     0x080001bb   Thumb Code     0  startup_stm32f407xx.o(.text)
    EXTI1_IRQHandler                         0x080001bb   Thumb Code     0  startup_stm32f407xx.o(.text)
    EXTI2_IRQHandler                         0x080001bb   Thumb Code     0  startup_stm32f407xx.o(.text)
    EXTI3_IRQHandler                         0x080001bb   Thumb Code     0  startup_stm32f407xx.o(.text)
    EXTI4_IRQHandler                         0x080001bb   Thumb Code     0  startup_stm32f407xx.o(.text)
    EXTI9_5_IRQHandler                       0x080001bb   Thumb Code     0  startup_stm32f407xx.o(.text)
    FLASH_IRQHandler                         0x080001bb   Thumb Code     0  startup_stm32f407xx.o(.text)
    FMC_IRQHandler                           0x080001bb   Thumb Code     0  startup_stm32f407xx.o(.text)
    FPU_IRQHandler                           0x080001bb   Thumb Code     0  startup_stm32f407xx.o(.text)
    HASH_RNG_IRQHandler                      0x080001bb   Thumb Code     0  startup_stm32f407xx.o(.text)
    I2C1_ER_IRQHandler                       0x080001bb   Thumb Code     0  startup_stm32f407xx.o(.text)
    I2C1_EV_IRQHandler                       0x080001bb   Thumb Code     0  startup_stm32f407xx.o(.text)
    I2C2_ER_IRQHandler                       0x080001bb   Thumb Code     0  startup_stm32f407xx.o(.text)
    I2C2_EV_IRQHandler                       0x080001bb   Thumb Code     0  startup_stm32f407xx.o(.text)
    I2C3_ER_IRQHandler                       0x080001bb   Thumb Code     0  startup_stm32f407xx.o(.text)
    I2C3_EV_IRQHandler                       0x080001bb   Thumb Code     0  startup_stm32f407xx.o(.text)
    OTG_FS_IRQHandler                        0x080001bb   Thumb Code     0  startup_stm32f407xx.o(.text)
    OTG_FS_WKUP_IRQHandler                   0x080001bb   Thumb Code     0  startup_stm32f407xx.o(.text)
    OTG_HS_EP1_IN_IRQHandler                 0x080001bb   Thumb Code     0  startup_stm32f407xx.o(.text)
    OTG_HS_EP1_OUT_IRQHandler                0x080001bb   Thumb Code     0  startup_stm32f407xx.o(.text)
    OTG_HS_IRQHandler                        0x080001bb   Thumb Code     0  startup_stm32f407xx.o(.text)
    OTG_HS_WKUP_IRQHandler                   0x080001bb   Thumb Code     0  startup_stm32f407xx.o(.text)
    PVD_IRQHandler                           0x080001bb   Thumb Code     0  startup_stm32f407xx.o(.text)
    RCC_IRQHandler                           0x080001bb   Thumb Code     0  startup_stm32f407xx.o(.text)
    RTC_Alarm_IRQHandler                     0x080001bb   Thumb Code     0  startup_stm32f407xx.o(.text)
    RTC_WKUP_IRQHandler                      0x080001bb   Thumb Code     0  startup_stm32f407xx.o(.text)
    SDIO_IRQHandler                          0x080001bb   Thumb Code     0  startup_stm32f407xx.o(.text)
    SPI1_IRQHandler                          0x080001bb   Thumb Code     0  startup_stm32f407xx.o(.text)
    SPI2_IRQHandler                          0x080001bb   Thumb Code     0  startup_stm32f407xx.o(.text)
    SPI3_IRQHandler                          0x080001bb   Thumb Code     0  startup_stm32f407xx.o(.text)
    TAMP_STAMP_IRQHandler                    0x080001bb   Thumb Code     0  startup_stm32f407xx.o(.text)
    TIM1_BRK_TIM9_IRQHandler                 0x080001bb   Thumb Code     0  startup_stm32f407xx.o(.text)
    TIM1_CC_IRQHandler                       0x080001bb   Thumb Code     0  startup_stm32f407xx.o(.text)
    TIM1_TRG_COM_TIM11_IRQHandler            0x080001bb   Thumb Code     0  startup_stm32f407xx.o(.text)
    TIM1_UP_TIM10_IRQHandler                 0x080001bb   Thumb Code     0  startup_stm32f407xx.o(.text)
    TIM2_IRQHandler                          0x080001bb   Thumb Code     0  startup_stm32f407xx.o(.text)
    TIM3_IRQHandler                          0x080001bb   Thumb Code     0  startup_stm32f407xx.o(.text)
    TIM4_IRQHandler                          0x080001bb   Thumb Code     0  startup_stm32f407xx.o(.text)
    TIM5_IRQHandler                          0x080001bb   Thumb Code     0  startup_stm32f407xx.o(.text)
    TIM6_DAC_IRQHandler                      0x080001bb   Thumb Code     0  startup_stm32f407xx.o(.text)
    TIM7_IRQHandler                          0x080001bb   Thumb Code     0  startup_stm32f407xx.o(.text)
    TIM8_BRK_TIM12_IRQHandler                0x080001bb   Thumb Code     0  startup_stm32f407xx.o(.text)
    TIM8_CC_IRQHandler                       0x080001bb   Thumb Code     0  startup_stm32f407xx.o(.text)
    TIM8_TRG_COM_TIM14_IRQHandler            0x080001bb   Thumb Code     0  startup_stm32f407xx.o(.text)
    TIM8_UP_TIM13_IRQHandler                 0x080001bb   Thumb Code     0  startup_stm32f407xx.o(.text)
    WWDG_IRQHandler                          0x080001bb   Thumb Code     0  startup_stm32f407xx.o(.text)
    __aeabi_uldivmod                         0x080001c5   Thumb Code    98  uldiv.o(.text)
    __aeabi_memcpy                           0x08000227   Thumb Code    36  memcpya.o(.text)
    __aeabi_memcpy4                          0x08000227   Thumb Code     0  memcpya.o(.text)
    __aeabi_memcpy8                          0x08000227   Thumb Code     0  memcpya.o(.text)
    __aeabi_memset                           0x0800024b   Thumb Code    14  memseta.o(.text)
    __aeabi_memset4                          0x0800024b   Thumb Code     0  memseta.o(.text)
    __aeabi_memset8                          0x0800024b   Thumb Code     0  memseta.o(.text)
    __aeabi_memclr                           0x08000259   Thumb Code     4  memseta.o(.text)
    __aeabi_memclr4                          0x08000259   Thumb Code     0  memseta.o(.text)
    __aeabi_memclr8                          0x08000259   Thumb Code     0  memseta.o(.text)
    _memset$wrapper                          0x0800025d   Thumb Code    18  memseta.o(.text)
    __aeabi_llsl                             0x0800026f   Thumb Code    30  llshl.o(.text)
    _ll_shift_l                              0x0800026f   Thumb Code     0  llshl.o(.text)
    __aeabi_llsr                             0x0800028d   Thumb Code    32  llushr.o(.text)
    _ll_ushift_r                             0x0800028d   Thumb Code     0  llushr.o(.text)
    __scatterload                            0x080002ad   Thumb Code    28  init.o(.text)
    __scatterload_rt2                        0x080002ad   Thumb Code     0  init.o(.text)
    __decompress                             0x080002d1   Thumb Code     0  __dczerorl2.o(.text)
    __decompress1                            0x080002d1   Thumb Code    86  __dczerorl2.o(.text)
    BusFault_Handler                         0x08000327   Thumb Code     4  stm32f4xx_it.o(i.BusFault_Handler)
    DebugMon_Handler                         0x0800032b   Thumb Code     2  stm32f4xx_it.o(i.DebugMon_Handler)
    Error_Handler                            0x0800032d   Thumb Code     6  base.o(i.Error_Handler)
    HAL_EnableCompensationCell               0x08000335   Thumb Code     8  stm32f4xx_hal.o(i.HAL_EnableCompensationCell)
    HAL_GPIO_Init                            0x08000341   Thumb Code   454  stm32f4xx_hal_gpio.o(i.HAL_GPIO_Init)
    HAL_GPIO_TogglePin                       0x08000535   Thumb Code    20  stm32f4xx_hal_gpio.o(i.HAL_GPIO_TogglePin)
    HAL_GPIO_WritePin                        0x08000549   Thumb Code    12  stm32f4xx_hal_gpio.o(i.HAL_GPIO_WritePin)
    HAL_GetTick                              0x08000555   Thumb Code     6  stm32f4xx_hal.o(i.HAL_GetTick)
    HAL_IncTick                              0x08000561   Thumb Code    16  stm32f4xx_hal.o(i.HAL_IncTick)
    HAL_Init                                 0x08000579   Thumb Code    44  stm32f4xx_hal.o(i.HAL_Init)
    HAL_InitTick                             0x080005a9   Thumb Code    64  stm32f4xx_hal.o(i.HAL_InitTick)
    HAL_MspInit                              0x080005f5   Thumb Code     2  stm32f4xx_hal_msp.o(i.HAL_MspInit)
    HAL_NVIC_EnableIRQ                       0x080005f7   Thumb Code    32  stm32f4xx_hal_cortex.o(i.HAL_NVIC_EnableIRQ)
    HAL_NVIC_SetPriority                     0x08000617   Thumb Code   124  stm32f4xx_hal_cortex.o(i.HAL_NVIC_SetPriority)
    HAL_NVIC_SetPriorityGrouping             0x08000695   Thumb Code    32  stm32f4xx_hal_cortex.o(i.HAL_NVIC_SetPriorityGrouping)
    HAL_RCC_ClockConfig                      0x080006bd   Thumb Code   368  stm32f4xx_hal_rcc.o(i.HAL_RCC_ClockConfig)
    HAL_RCC_GetHCLKFreq                      0x08000841   Thumb Code     6  stm32f4xx_hal_rcc.o(i.HAL_RCC_GetHCLKFreq)
    HAL_RCC_GetPCLK1Freq                     0x0800084d   Thumb Code    22  stm32f4xx_hal_rcc.o(i.HAL_RCC_GetPCLK1Freq)
    HAL_RCC_GetPCLK2Freq                     0x0800086d   Thumb Code    22  stm32f4xx_hal_rcc.o(i.HAL_RCC_GetPCLK2Freq)
    HAL_RCC_GetSysClockFreq                  0x0800088d   Thumb Code   162  stm32f4xx_hal_rcc.o(i.HAL_RCC_GetSysClockFreq)
    HAL_RCC_OscConfig                        0x0800093d   Thumb Code  1172  stm32f4xx_hal_rcc.o(i.HAL_RCC_OscConfig)
    HAL_SYSTICK_Config                       0x08000dd9   Thumb Code    52  stm32f4xx_hal_cortex.o(i.HAL_SYSTICK_Config)
    HAL_UART_Init                            0x08000e0d   Thumb Code   114  stm32f4xx_hal_uart.o(i.HAL_UART_Init)
    HAL_UART_MspInit                         0x08000e81   Thumb Code   818  driver_uart_fifo.o(i.HAL_UART_MspInit)
    HardFault_Handler                        0x080011e1   Thumb Code     4  stm32f4xx_it.o(i.HardFault_Handler)
    MemManage_Handler                        0x080011e5   Thumb Code     4  stm32f4xx_it.o(i.MemManage_Handler)
    NMI_Handler                              0x080011e9   Thumb Code     2  stm32f4xx_it.o(i.NMI_Handler)
    PendSV_Handler                           0x080011eb   Thumb Code     2  stm32f4xx_it.o(i.PendSV_Handler)
    SVC_Handler                              0x080011ed   Thumb Code     2  stm32f4xx_it.o(i.SVC_Handler)
    SysTick_Handler                          0x080011ef   Thumb Code    16  stm32f4xx_it.o(i.SysTick_Handler)
    SystemInit                               0x08001201   Thumb Code    72  system_stm32f4xx.o(i.SystemInit)
    UART4_IRQHandler                         0x08001259   Thumb Code    10  driver_uart_fifo.o(i.UART4_IRQHandler)
    UART5_IRQHandler                         0x08001269   Thumb Code    10  driver_uart_fifo.o(i.UART5_IRQHandler)
    USART1_IRQHandler                        0x080014a5   Thumb Code    10  driver_uart_fifo.o(i.USART1_IRQHandler)
    USART2_IRQHandler                        0x080014b5   Thumb Code    10  driver_uart_fifo.o(i.USART2_IRQHandler)
    USART3_IRQHandler                        0x080014c5   Thumb Code    10  driver_uart_fifo.o(i.USART3_IRQHandler)
    USART6_IRQHandler                        0x080014d5   Thumb Code    10  driver_uart_fifo.o(i.USART6_IRQHandler)
    UsageFault_Handler                       0x080014e5   Thumb Code     4  stm32f4xx_it.o(i.UsageFault_Handler)
    __scatterload_copy                       0x08001521   Thumb Code    14  handlers.o(i.__scatterload_copy)
    __scatterload_null                       0x0800152f   Thumb Code     2  handlers.o(i.__scatterload_null)
    __scatterload_zeroinit                   0x08001531   Thumb Code    14  handlers.o(i.__scatterload_zeroinit)
    beep_device_init                         0x08001541   Thumb Code    28  device_beep.o(i.beep_device_init)
    comm_board_init                          0x08001561   Thumb Code    20  comm_init.o(i.comm_board_init)
    comm_components_init                     0x0800157d   Thumb Code    20  comm_init.o(i.comm_components_init)
    device_beep_handle                       0x08001599   Thumb Code   348  device_beep.o(i.device_beep_handle)
    device_beep_key_tone                     0x080018b5   Thumb Code    26  device_beep.o(i.device_beep_key_tone)
    device_beep_start                        0x080018f1   Thumb Code   118  device_beep.o(i.device_beep_start)
    device_get_key                           0x08001a3d   Thumb Code    46  device_key.o(i.device_get_key)
    device_key_scan_10ms                     0x08001c25   Thumb Code    22  device_key.o(i.device_key_scan_10ms)
    device_put_key                           0x08001c8d   Thumb Code    28  device_key.o(i.device_put_key)
    key_device_init                          0x08001d91   Thumb Code    30  device_key.o(i.key_device_init)
    key_handle                               0x08001db5   Thumb Code   158  main.o(i.key_handle)
    main                                     0x08001e8d   Thumb Code    62  main.o(i.main)
    soft_timer_run                           0x08001edd   Thumb Code    56  soft_timer.o(i.soft_timer_run)
    soft_timer_set                           0x08001f19   Thumb Code    78  soft_timer.o(i.soft_timer_set)
    soft_timer_update                        0x08001f6d   Thumb Code   138  soft_timer.o(i.soft_timer_update)
    switch_led_device_init                   0x08001ffd   Thumb Code    26  device_switch_led.o(i.switch_led_device_init)
    switch_led_gpio_init                     0x0800201d   Thumb Code   400  device_switch_led.o(i.switch_led_gpio_init)
    switch_led_off                           0x080021d5   Thumb Code    20  device_switch_led.o(i.switch_led_off)
    switch_led_on                            0x080021e9   Thumb Code    20  device_switch_led.o(i.switch_led_on)
    switch_led_toggle                        0x080021fd   Thumb Code    14  device_switch_led.o(i.switch_led_toggle)
    system_clock_config                      0x0800220d   Thumb Code   204  base.o(i.system_clock_config)
    system_init                              0x080022fd   Thumb Code    14  comm_init.o(i.system_init)
    systick_isr                              0x0800230d   Thumb Code    54  base.o(i.systick_isr)
    uart_fifo_driver_init                    0x0800234d   Thumb Code   622  driver_uart_fifo.o(i.uart_fifo_driver_init)
    __comm_init_i_start                      0x080026cc   Data           4  comm_init.o(.comm_i_fn.0)
    __comm_init_i_board_start                0x080026d0   Data           4  comm_init.o(.comm_i_fn.0.end)
    __comm_init_uart_fifo_driver_init        0x080026d4   Data           4  driver_uart_fifo.o(.comm_i_fn.1)
    __comm_init_i_board_end                  0x080026d8   Data           4  comm_init.o(.comm_i_fn.1.end)
    __comm_init_switch_led_device_init       0x080026dc   Data           4  device_switch_led.o(.comm_i_fn.3)
    __comm_init_key_device_init              0x080026e0   Data           4  device_key.o(.comm_i_fn.3)
    __comm_init_beep_device_init             0x080026e4   Data           4  device_beep.o(.comm_i_fn.3)
    __comm_init_i_end                        0x080026e8   Data           4  comm_init.o(.comm_i_fn.6.end)
    AHBPrescTable                            0x08002714   Data          16  system_stm32f4xx.o(.constdata)
    APBPrescTable                            0x08002724   Data           8  system_stm32f4xx.o(.constdata)
    Region$$Table$$Base                      0x0800272c   Number         0  anon$$obj.o(Region$$Table)
    Region$$Table$$Limit                     0x0800274c   Number         0  anon$$obj.o(Region$$Table)
    g_switch_led_devs                        0x20000000   Data          24  device_switch_led.o(.data)
    g_system_uptime                          0x20000018   Data           4  base.o(.data)
    SystemCoreClock                          0x20000128   Data           4  system_stm32f4xx.o(.data)
    uwTick                                   0x2000012c   Data           4  stm32f4xx_hal.o(.data)
    uwTickPrio                               0x20000130   Data           4  stm32f4xx_hal.o(.data)
    uwTickFreq                               0x20000134   Data           1  stm32f4xx_hal.o(.data)
    g_device_beep_list                       0x20000186   Data          14  device_beep.o(.bss)
    __initial_sp                             0x200011d8   Data           0  startup_stm32f407xx.o(STACK)



==============================================================================

Memory Map of the image

  Image Entry point : 0x08000189

  Load Region LR_IROM1 (Base: 0x08000000, Size: 0x00002884, Max: 0x00100000, ABSOLUTE, COMPRESSED[0x000027a8])

    Execution Region ER_IROM1 (Exec base: 0x08000000, Load base: 0x08000000, Size: 0x0000274c, Max: 0x00100000, ABSOLUTE)

    Exec Addr    Load Addr    Size         Type   Attr      Idx    E Section Name        Object

    0x08000000   0x08000000   0x00000188   Data   RO          833    RESET               startup_stm32f407xx.o
    0x08000188   0x08000188   0x00000000   Code   RO         2308  * .ARM.Collect$$$$00000000  mc_w.l(entry.o)
    0x08000188   0x08000188   0x00000004   Code   RO         2319    .ARM.Collect$$$$00000001  mc_w.l(entry2.o)
    0x0800018c   0x0800018c   0x00000004   Code   RO         2322    .ARM.Collect$$$$00000004  mc_w.l(entry5.o)
    0x08000190   0x08000190   0x00000000   Code   RO         2324    .ARM.Collect$$$$00000008  mc_w.l(entry7b.o)
    0x08000190   0x08000190   0x00000000   Code   RO         2326    .ARM.Collect$$$$0000000A  mc_w.l(entry8b.o)
    0x08000190   0x08000190   0x00000008   Code   RO         2327    .ARM.Collect$$$$0000000B  mc_w.l(entry9a.o)
    0x08000198   0x08000198   0x00000004   Code   RO         2334    .ARM.Collect$$$$0000000E  mc_w.l(entry12b.o)
    0x0800019c   0x0800019c   0x00000000   Code   RO         2329    .ARM.Collect$$$$0000000F  mc_w.l(entry10a.o)
    0x0800019c   0x0800019c   0x00000000   Code   RO         2331    .ARM.Collect$$$$00000011  mc_w.l(entry11a.o)
    0x0800019c   0x0800019c   0x00000004   Code   RO         2320    .ARM.Collect$$$$00002712  mc_w.l(entry2.o)
    0x080001a0   0x080001a0   0x00000024   Code   RO          834    .text               startup_stm32f407xx.o
    0x080001c4   0x080001c4   0x00000062   Code   RO         2311    .text               mc_w.l(uldiv.o)
    0x08000226   0x08000226   0x00000024   Code   RO         2313    .text               mc_w.l(memcpya.o)
    0x0800024a   0x0800024a   0x00000024   Code   RO         2315    .text               mc_w.l(memseta.o)
    0x0800026e   0x0800026e   0x0000001e   Code   RO         2335    .text               mc_w.l(llshl.o)
    0x0800028c   0x0800028c   0x00000020   Code   RO         2337    .text               mc_w.l(llushr.o)
    0x080002ac   0x080002ac   0x00000024   Code   RO         2339    .text               mc_w.l(init.o)
    0x080002d0   0x080002d0   0x00000056   Code   RO         2349    .text               mc_w.l(__dczerorl2.o)
    0x08000326   0x08000326   0x00000004   Code   RO         1360    i.BusFault_Handler  stm32f4xx_it.o
    0x0800032a   0x0800032a   0x00000002   Code   RO         1361    i.DebugMon_Handler  stm32f4xx_it.o
    0x0800032c   0x0800032c   0x00000006   Code   RO          511    i.Error_Handler     base.o
    0x08000332   0x08000332   0x00000002   PAD
    0x08000334   0x08000334   0x0000000c   Code   RO          887    i.HAL_EnableCompensationCell  stm32f4xx_hal.o
    0x08000340   0x08000340   0x000001f4   Code   RO         1468    i.HAL_GPIO_Init     stm32f4xx_hal_gpio.o
    0x08000534   0x08000534   0x00000014   Code   RO         1471    i.HAL_GPIO_TogglePin  stm32f4xx_hal_gpio.o
    0x08000548   0x08000548   0x0000000c   Code   RO         1472    i.HAL_GPIO_WritePin  stm32f4xx_hal_gpio.o
    0x08000554   0x08000554   0x0000000c   Code   RO          891    i.HAL_GetTick       stm32f4xx_hal.o
    0x08000560   0x08000560   0x00000018   Code   RO          897    i.HAL_IncTick       stm32f4xx_hal.o
    0x08000578   0x08000578   0x00000030   Code   RO          898    i.HAL_Init          stm32f4xx_hal.o
    0x080005a8   0x080005a8   0x0000004c   Code   RO          899    i.HAL_InitTick      stm32f4xx_hal.o
    0x080005f4   0x080005f4   0x00000002   Code   RO         1436    i.HAL_MspInit       stm32f4xx_hal_msp.o
    0x080005f6   0x080005f6   0x00000020   Code   RO         1069    i.HAL_NVIC_EnableIRQ  stm32f4xx_hal_cortex.o
    0x08000616   0x08000616   0x0000007c   Code   RO         1075    i.HAL_NVIC_SetPriority  stm32f4xx_hal_cortex.o
    0x08000692   0x08000692   0x00000002   PAD
    0x08000694   0x08000694   0x00000028   Code   RO         1076    i.HAL_NVIC_SetPriorityGrouping  stm32f4xx_hal_cortex.o
    0x080006bc   0x080006bc   0x00000184   Code   RO         1205    i.HAL_RCC_ClockConfig  stm32f4xx_hal_rcc.o
    0x08000840   0x08000840   0x0000000c   Code   RO         1210    i.HAL_RCC_GetHCLKFreq  stm32f4xx_hal_rcc.o
    0x0800084c   0x0800084c   0x00000020   Code   RO         1212    i.HAL_RCC_GetPCLK1Freq  stm32f4xx_hal_rcc.o
    0x0800086c   0x0800086c   0x00000020   Code   RO         1213    i.HAL_RCC_GetPCLK2Freq  stm32f4xx_hal_rcc.o
    0x0800088c   0x0800088c   0x000000b0   Code   RO         1214    i.HAL_RCC_GetSysClockFreq  stm32f4xx_hal_rcc.o
    0x0800093c   0x0800093c   0x0000049c   Code   RO         1217    i.HAL_RCC_OscConfig  stm32f4xx_hal_rcc.o
    0x08000dd8   0x08000dd8   0x00000034   Code   RO         1080    i.HAL_SYSTICK_Config  stm32f4xx_hal_cortex.o
    0x08000e0c   0x08000e0c   0x00000072   Code   RO         1560    i.HAL_UART_Init     stm32f4xx_hal_uart.o
    0x08000e7e   0x08000e7e   0x00000002   PAD
    0x08000e80   0x08000e80   0x00000360   Code   RO          573    i.HAL_UART_MspInit  driver_uart_fifo.o
    0x080011e0   0x080011e0   0x00000004   Code   RO         1362    i.HardFault_Handler  stm32f4xx_it.o
    0x080011e4   0x080011e4   0x00000004   Code   RO         1363    i.MemManage_Handler  stm32f4xx_it.o
    0x080011e8   0x080011e8   0x00000002   Code   RO         1364    i.NMI_Handler       stm32f4xx_it.o
    0x080011ea   0x080011ea   0x00000002   Code   RO         1365    i.PendSV_Handler    stm32f4xx_it.o
    0x080011ec   0x080011ec   0x00000002   Code   RO         1366    i.SVC_Handler       stm32f4xx_it.o
    0x080011ee   0x080011ee   0x00000010   Code   RO         1367    i.SysTick_Handler   stm32f4xx_it.o
    0x080011fe   0x080011fe   0x00000002   PAD
    0x08001200   0x08001200   0x00000058   Code   RO          842    i.SystemInit        system_stm32f4xx.o
    0x08001258   0x08001258   0x00000010   Code   RO          574    i.UART4_IRQHandler  driver_uart_fifo.o
    0x08001268   0x08001268   0x00000010   Code   RO          575    i.UART5_IRQHandler  driver_uart_fifo.o
    0x08001278   0x08001278   0x0000022c   Code   RO         1587    i.UART_SetConfig    stm32f4xx_hal_uart.o
    0x080014a4   0x080014a4   0x00000010   Code   RO          576    i.USART1_IRQHandler  driver_uart_fifo.o
    0x080014b4   0x080014b4   0x00000010   Code   RO          577    i.USART2_IRQHandler  driver_uart_fifo.o
    0x080014c4   0x080014c4   0x00000010   Code   RO          578    i.USART3_IRQHandler  driver_uart_fifo.o
    0x080014d4   0x080014d4   0x00000010   Code   RO          579    i.USART6_IRQHandler  driver_uart_fifo.o
    0x080014e4   0x080014e4   0x00000004   Code   RO         1368    i.UsageFault_Handler  stm32f4xx_it.o
    0x080014e8   0x080014e8   0x00000010   Code   RO         1082    i.__NVIC_GetPriorityGrouping  stm32f4xx_hal_cortex.o
    0x080014f8   0x080014f8   0x00000028   Code   RO         1083    i.__NVIC_SetPriority  stm32f4xx_hal_cortex.o
    0x08001520   0x08001520   0x0000000e   Code   RO         2343    i.__scatterload_copy  mc_w.l(handlers.o)
    0x0800152e   0x0800152e   0x00000002   Code   RO         2344    i.__scatterload_null  mc_w.l(handlers.o)
    0x08001530   0x08001530   0x0000000e   Code   RO         2345    i.__scatterload_zeroinit  mc_w.l(handlers.o)
    0x0800153e   0x0800153e   0x00000002   PAD
    0x08001540   0x08001540   0x00000020   Code   RO          431    i.beep_device_init  device_beep.o
    0x08001560   0x08001560   0x0000001c   Code   RO          734    i.comm_board_init   comm_init.o
    0x0800157c   0x0800157c   0x0000001c   Code   RO          735    i.comm_components_init  comm_init.o
    0x08001598   0x08001598   0x00000164   Code   RO          432    i.device_beep_handle  device_beep.o
    0x080016fc   0x080016fc   0x000001b8   Code   RO          433    i.device_beep_hard_init  device_beep.o
    0x080018b4   0x080018b4   0x0000001a   Code   RO          434    i.device_beep_key_tone  device_beep.o
    0x080018ce   0x080018ce   0x00000010   Code   RO          435    i.device_beep_off   device_beep.o
    0x080018de   0x080018de   0x00000010   Code   RO          436    i.device_beep_on    device_beep.o
    0x080018ee   0x080018ee   0x00000002   PAD
    0x080018f0   0x080018f0   0x00000080   Code   RO          439    i.device_beep_start  device_beep.o
    0x08001970   0x08001970   0x000000cc   Code   RO          326    i.device_detect_key  device_key.o
    0x08001a3c   0x08001a3c   0x00000034   Code   RO          327    i.device_get_key    device_key.o
    0x08001a70   0x08001a70   0x000001b4   Code   RO          330    i.device_key_hard_init  device_key.o
    0x08001c24   0x08001c24   0x00000016   Code   RO          331    i.device_key_scan_10ms  device_key.o
    0x08001c3a   0x08001c3a   0x00000002   PAD
    0x08001c3c   0x08001c3c   0x00000050   Code   RO          333    i.device_key_value_init  device_key.o
    0x08001c8c   0x08001c8c   0x00000020   Code   RO          334    i.device_put_key    device_key.o
    0x08001cac   0x08001cac   0x00000094   Code   RO          587    i.driver_uart_init  driver_uart_fifo.o
    0x08001d40   0x08001d40   0x00000004   Code   RO          736    i.i_board_end       comm_init.o
    0x08001d44   0x08001d44   0x00000004   Code   RO          737    i.i_board_start     comm_init.o
    0x08001d48   0x08001d48   0x00000004   Code   RO          738    i.i_end             comm_init.o
    0x08001d4c   0x08001d4c   0x00000004   Code   RO          739    i.i_start           comm_init.o
    0x08001d50   0x08001d50   0x0000003e   Code   RO          336    i.is_key_down_func  device_key.o
    0x08001d8e   0x08001d8e   0x00000002   PAD
    0x08001d90   0x08001d90   0x00000024   Code   RO          337    i.key_device_init   device_key.o
    0x08001db4   0x08001db4   0x000000a4   Code   RO            4    i.key_handle        main.o
    0x08001e58   0x08001e58   0x00000034   Code   RO          338    i.key_pin_active    device_key.o
    0x08001e8c   0x08001e8c   0x0000004c   Code   RO            5    i.main              main.o
    0x08001ed8   0x08001ed8   0x00000002   Code   RO          514    i.run_per_10ms      base.o
    0x08001eda   0x08001eda   0x00000002   Code   RO          515    i.run_per_1ms       base.o
    0x08001edc   0x08001edc   0x0000003c   Code   RO          786    i.soft_timer_run    soft_timer.o
    0x08001f18   0x08001f18   0x00000054   Code   RO          787    i.soft_timer_set    soft_timer.o
    0x08001f6c   0x08001f6c   0x00000090   Code   RO          789    i.soft_timer_update  soft_timer.o
    0x08001ffc   0x08001ffc   0x00000020   Code   RO          269    i.switch_led_device_init  device_switch_led.o
    0x0800201c   0x0800201c   0x000001b8   Code   RO          270    i.switch_led_gpio_init  device_switch_led.o
    0x080021d4   0x080021d4   0x00000014   Code   RO          271    i.switch_led_off    device_switch_led.o
    0x080021e8   0x080021e8   0x00000014   Code   RO          272    i.switch_led_on     device_switch_led.o
    0x080021fc   0x080021fc   0x0000000e   Code   RO          273    i.switch_led_toggle  device_switch_led.o
    0x0800220a   0x0800220a   0x00000002   PAD
    0x0800220c   0x0800220c   0x000000f0   Code   RO          516    i.system_clock_config  base.o
    0x080022fc   0x080022fc   0x0000000e   Code   RO          740    i.system_init       comm_init.o
    0x0800230a   0x0800230a   0x00000002   PAD
    0x0800230c   0x0800230c   0x00000040   Code   RO          517    i.systick_isr       base.o
    0x0800234c   0x0800234c   0x00000288   Code   RO          590    i.uart_fifo_driver_init  driver_uart_fifo.o
    0x080025d4   0x080025d4   0x000000f6   Code   RO          591    i.uart_fifo_irq     driver_uart_fifo.o
    0x080026ca   0x080026ca   0x00000002   PAD
    0x080026cc   0x080026cc   0x00000004   Data   RO          741    .comm_i_fn.0        comm_init.o
    0x080026d0   0x080026d0   0x00000004   Data   RO          742    .comm_i_fn.0.end    comm_init.o
    0x080026d4   0x080026d4   0x00000004   Data   RO          596    .comm_i_fn.1        driver_uart_fifo.o
    0x080026d8   0x080026d8   0x00000004   Data   RO          743    .comm_i_fn.1.end    comm_init.o
    0x080026dc   0x080026dc   0x00000004   Data   RO          274    .comm_i_fn.3        device_switch_led.o
    0x080026e0   0x080026e0   0x00000004   Data   RO          340    .comm_i_fn.3        device_key.o
    0x080026e4   0x080026e4   0x00000004   Data   RO          442    .comm_i_fn.3        device_beep.o
    0x080026e8   0x080026e8   0x00000004   Data   RO          744    .comm_i_fn.6.end    comm_init.o
    0x080026ec   0x080026ec   0x00000020   Data   RO          341    .constdata          device_key.o
    0x0800270c   0x0800270c   0x00000008   Data   RO          443    .constdata          device_beep.o
    0x08002714   0x08002714   0x00000018   Data   RO          843    .constdata          system_stm32f4xx.o
    0x0800272c   0x0800272c   0x00000020   Data   RO         2341    Region$$Table       anon$$obj.o


    Execution Region RW_IRAM1 (Exec base: 0x20000000, Load base: 0x0800274c, Size: 0x000011d8, Max: 0x00020000, ABSOLUTE, COMPRESSED[0x0000005c])

    Exec Addr    Load Addr    Size         Type   Attr      Idx    E Section Name        Object

    0x20000000   COMPRESSED   0x00000018   Data   RW          275    .data               device_switch_led.o
    0x20000018   COMPRESSED   0x00000005   Data   RW          518    .data               base.o
    0x2000001d   COMPRESSED   0x00000003   PAD
    0x20000020   COMPRESSED   0x00000108   Data   RW          597    .data               driver_uart_fifo.o
    0x20000128   COMPRESSED   0x00000004   Data   RW          844    .data               system_stm32f4xx.o
    0x2000012c   COMPRESSED   0x00000009   Data   RW          905    .data               stm32f4xx_hal.o
    0x20000135   COMPRESSED   0x00000003   PAD
    0x20000138        -       0x0000004d   Zero   RW          339    .bss                device_key.o
    0x20000185   COMPRESSED   0x00000001   PAD
    0x20000186        -       0x0000000e   Zero   RW          441    .bss                device_beep.o
    0x20000194        -       0x00000c00   Zero   RW          595    .bss                driver_uart_fifo.o
    0x20000d94        -       0x00000040   Zero   RW          790    .bss                soft_timer.o
    0x20000dd4   COMPRESSED   0x00000004   PAD
    0x20000dd8        -       0x00000400   Zero   RW          831    STACK               startup_stm32f407xx.o


==============================================================================

Image component sizes


      Code (inc. data)   RO Data    RW Data    ZI Data      Debug   Object Name

       314         46          0          5          0       3410   base.o
        86         16         16          0          0       4385   comm_init.o
      1014         62         12          0         14       5829   device_beep.o
       976         76         36          0         77       7173   device_key.o
       526         46          4         24          0       5188   device_switch_led.o
      2002        162          4        264       3072      10045   driver_uart_fifo.o
       240         34          0          0          0     662240   main.o
       288         16          0          0         64       2642   soft_timer.o
        36          8        392          0       1024        908   startup_stm32f407xx.o
       172         34          0          9          0       9582   stm32f4xx_hal.o
       304         22          0          0          0      34739   stm32f4xx_hal_cortex.o
       532         46          0          0          0       2921   stm32f4xx_hal_gpio.o
         2          0          0          0          0        550   stm32f4xx_hal_msp.o
      1820         84          0          0          0       5896   stm32f4xx_hal_rcc.o
       670         10          0          0          0       1984   stm32f4xx_hal_uart.o
        40          0          0          0          0       4994   stm32f4xx_it.o
        88         16         24          4          0       1339   system_stm32f4xx.o

    ----------------------------------------------------------------------
      9130        678        520        312       4256     763825   Object Totals
         0          0         32          0          0          0   (incl. Generated)
        20          0          0          6          5          0   (incl. Padding)

    ----------------------------------------------------------------------

      Code (inc. data)   RO Data    RW Data    ZI Data      Debug   Library Member Name

        86          0          0          0          0          0   __dczerorl2.o
         0          0          0          0          0          0   entry.o
         0          0          0          0          0          0   entry10a.o
         0          0          0          0          0          0   entry11a.o
         4          0          0          0          0          0   entry12b.o
         8          4          0          0          0          0   entry2.o
         4          0          0          0          0          0   entry5.o
         0          0          0          0          0          0   entry7b.o
         0          0          0          0          0          0   entry8b.o
         8          4          0          0          0          0   entry9a.o
        30          0          0          0          0          0   handlers.o
        36          8          0          0          0         68   init.o
        30          0          0          0          0         68   llshl.o
        32          0          0          0          0         68   llushr.o
        36          0          0          0          0         68   memcpya.o
        36          0          0          0          0        108   memseta.o
        98          0          0          0          0         92   uldiv.o

    ----------------------------------------------------------------------
       410         16          0          0          0        472   Library Totals
         2          0          0          0          0          0   (incl. Padding)

    ----------------------------------------------------------------------

      Code (inc. data)   RO Data    RW Data    ZI Data      Debug   Library Name

       408         16          0          0          0        472   mc_w.l

    ----------------------------------------------------------------------
       410         16          0          0          0        472   Library Totals

    ----------------------------------------------------------------------

==============================================================================


      Code (inc. data)   RO Data    RW Data    ZI Data      Debug   

      9540        694        520        312       4256     756925   Grand Totals
      9540        694        520         92       4256     756925   ELF Image Totals (compressed)
      9540        694        520         92          0          0   ROM Totals

==============================================================================

    Total RO  Size (Code + RO Data)                10060 (   9.82kB)
    Total RW  Size (RW Data + ZI Data)              4568 (   4.46kB)
    Total ROM Size (Code + RO Data + RW Data)      10152 (   9.91kB)

==============================================================================

